19:29:31 **** Incremental Build of configuration Debug for project lwip_echo_server ****
make all 
make: Nothing to be done for `all'.
19:29:56 **** Incremental Build of configuration Debug for project lwip_echo_server ****
make all 
make: Nothing to be done for `all'.
19:31:39 **** Incremental Build of configuration Debug for project lwip_echo_server ****
make all 
make: Nothing to be done for `all'.
19:32:47 **** Incremental Build of configuration Debug for project lwip_echo_server ****
make all 
make: Nothing to be done for `all'.
19:35:58 **** Auto Build of configuration Debug for project lwip_echo_server ****
make all 
'Building file: ../src/main.c'
'Invoking: MicroBlaze gcc compiler'
mb-gcc -Wall -O0 -g3 -c -fmessage-length=0 -MT"src/main.o" -I../../lwip_echo_server_bsp/microblaze_0/include -mlittle-endian -mcpu=v10.0 -mxl-soft-mul -Wl,--no-relax -ffunction-sections -fdata-sections -MMD -MP -MF"src/main.d" -MT"src/main.o" -o "src/main.o" "../src/main.c"
'Finished building: ../src/main.c'
' '
'Building target: lwip_echo_server.elf'
'Invoking: MicroBlaze gcc linker'
mb-gcc -Wl,-T -Wl,../src/lscript.ld -L../../lwip_echo_server_bsp/microblaze_0/lib -mlittle-endian -mcpu=v10.0 -mxl-soft-mul -Wl,--no-relax -Wl,--gc-sections -o "lwip_echo_server.elf"  ./src/echo.o ./src/i2c_access.o ./src/iic_phyreset.o ./src/main.o ./src/platform.o ./src/platform_mb.o ./src/platform_ppc.o ./src/platform_zynq.o ./src/platform_zynqmp.o ./src/sfp.o ./src/si5324.o   -Wl,--start-group,-lxil,-lgcc,-lc,--end-group -Wl,--start-group,-lxil,-llwip4,-lgcc,-lc,--end-group
'Finished building target: lwip_echo_server.elf'
' '
'Invoking: MicroBlaze Print Size'
mb-size lwip_echo_server.elf  |tee "lwip_echo_server.elf.size"
   text	   data	    bss	    dec	    hex	filename
 136218	   1612	 749050	 886880	  d8860	lwip_echo_server.elf
'Finished building: lwip_echo_server.elf.size'
' '
19:36:06 **** Incremental Build of configuration Debug for project lwip_echo_server ****
make all 
make: Nothing to be done for `all'.
18:12:20 **** Clean-only build of configuration Debug for project lwip_echo_server ****
make clean 
rm -rf  ./src/echo.o ./src/i2c_access.o ./src/iic_phyreset.o ./src/main.o ./src/platform.o ./src/platform_mb.o ./src/platform_ppc.o ./src/platform_zynq.o ./src/platform_zynqmp.o ./src/sfp.o ./src/si5324.o  ./src/echo.d ./src/i2c_access.d ./src/iic_phyreset.d ./src/main.d ./src/platform.d ./src/platform_mb.d ./src/platform_ppc.d ./src/platform_zynq.d ./src/platform_zynqmp.d ./src/sfp.d ./src/si5324.d  lwip_echo_server.elf.size  lwip_echo_server.elf
' '
18:12:21 **** Build of configuration Debug for project lwip_echo_server ****
make all 
'Building file: ../src/echo.c'
'Invoking: MicroBlaze gcc compiler'
mb-gcc -Wall -O0 -g3 -c -fmessage-length=0 -MT"src/echo.o" -I../../lwip_echo_server_bsp/microblaze_0/include -mlittle-endian -mcpu=v10.0 -mxl-soft-mul -Wl,--no-relax -ffunction-sections -fdata-sections -MMD -MP -MF"src/echo.d" -MT"src/echo.o" -o "src/echo.o" "../src/echo.c"
'Finished building: ../src/echo.c'
' '
'Building file: ../src/i2c_access.c'
'Invoking: MicroBlaze gcc compiler'
mb-gcc -Wall -O0 -g3 -c -fmessage-length=0 -MT"src/i2c_access.o" -I../../lwip_echo_server_bsp/microblaze_0/include -mlittle-endian -mcpu=v10.0 -mxl-soft-mul -Wl,--no-relax -ffunction-sections -fdata-sections -MMD -MP -MF"src/i2c_access.d" -MT"src/i2c_access.o" -o "src/i2c_access.o" "../src/i2c_access.c"
'Finished building: ../src/i2c_access.c'
' '
'Building file: ../src/iic_phyreset.c'
'Invoking: MicroBlaze gcc compiler'
mb-gcc -Wall -O0 -g3 -c -fmessage-length=0 -MT"src/iic_phyreset.o" -I../../lwip_echo_server_bsp/microblaze_0/include -mlittle-endian -mcpu=v10.0 -mxl-soft-mul -Wl,--no-relax -ffunction-sections -fdata-sections -MMD -MP -MF"src/iic_phyreset.d" -MT"src/iic_phyreset.o" -o "src/iic_phyreset.o" "../src/iic_phyreset.c"
'Finished building: ../src/iic_phyreset.c'
' '
'Building file: ../src/main.c'
'Invoking: MicroBlaze gcc compiler'
mb-gcc -Wall -O0 -g3 -c -fmessage-length=0 -MT"src/main.o" -I../../lwip_echo_server_bsp/microblaze_0/include -mlittle-endian -mcpu=v10.0 -mxl-soft-mul -Wl,--no-relax -ffunction-sections -fdata-sections -MMD -MP -MF"src/main.d" -MT"src/main.o" -o "src/main.o" "../src/main.c"
'Finished building: ../src/main.c'
' '
'Building file: ../src/platform.c'
'Invoking: MicroBlaze gcc compiler'
mb-gcc -Wall -O0 -g3 -c -fmessage-length=0 -MT"src/platform.o" -I../../lwip_echo_server_bsp/microblaze_0/include -mlittle-endian -mcpu=v10.0 -mxl-soft-mul -Wl,--no-relax -ffunction-sections -fdata-sections -MMD -MP -MF"src/platform.d" -MT"src/platform.o" -o "src/platform.o" "../src/platform.c"
'Finished building: ../src/platform.c'
' '
'Building file: ../src/platform_mb.c'
'Invoking: MicroBlaze gcc compiler'
mb-gcc -Wall -O0 -g3 -c -fmessage-length=0 -MT"src/platform_mb.o" -I../../lwip_echo_server_bsp/microblaze_0/include -mlittle-endian -mcpu=v10.0 -mxl-soft-mul -Wl,--no-relax -ffunction-sections -fdata-sections -MMD -MP -MF"src/platform_mb.d" -MT"src/platform_mb.o" -o "src/platform_mb.o" "../src/platform_mb.c"
'Finished building: ../src/platform_mb.c'
' '
'Building file: ../src/platform_ppc.c'
'Invoking: MicroBlaze gcc compiler'
mb-gcc -Wall -O0 -g3 -c -fmessage-length=0 -MT"src/platform_ppc.o" -I../../lwip_echo_server_bsp/microblaze_0/include -mlittle-endian -mcpu=v10.0 -mxl-soft-mul -Wl,--no-relax -ffunction-sections -fdata-sections -MMD -MP -MF"src/platform_ppc.d" -MT"src/platform_ppc.o" -o "src/platform_ppc.o" "../src/platform_ppc.c"
'Finished building: ../src/platform_ppc.c'
' '
'Building file: ../src/platform_zynq.c'
'Invoking: MicroBlaze gcc compiler'
mb-gcc -Wall -O0 -g3 -c -fmessage-length=0 -MT"src/platform_zynq.o" -I../../lwip_echo_server_bsp/microblaze_0/include -mlittle-endian -mcpu=v10.0 -mxl-soft-mul -Wl,--no-relax -ffunction-sections -fdata-sections -MMD -MP -MF"src/platform_zynq.d" -MT"src/platform_zynq.o" -o "src/platform_zynq.o" "../src/platform_zynq.c"
'Finished building: ../src/platform_zynq.c'
' '
'Building file: ../src/platform_zynqmp.c'
'Invoking: MicroBlaze gcc compiler'
mb-gcc -Wall -O0 -g3 -c -fmessage-length=0 -MT"src/platform_zynqmp.o" -I../../lwip_echo_server_bsp/microblaze_0/include -mlittle-endian -mcpu=v10.0 -mxl-soft-mul -Wl,--no-relax -ffunction-sections -fdata-sections -MMD -MP -MF"src/platform_zynqmp.d" -MT"src/platform_zynqmp.o" -o "src/platform_zynqmp.o" "../src/platform_zynqmp.c"
'Finished building: ../src/platform_zynqmp.c'
' '
'Building file: ../src/sfp.c'
'Invoking: MicroBlaze gcc compiler'
mb-gcc -Wall -O0 -g3 -c -fmessage-length=0 -MT"src/sfp.o" -I../../lwip_echo_server_bsp/microblaze_0/include -mlittle-endian -mcpu=v10.0 -mxl-soft-mul -Wl,--no-relax -ffunction-sections -fdata-sections -MMD -MP -MF"src/sfp.d" -MT"src/sfp.o" -o "src/sfp.o" "../src/sfp.c"
'Finished building: ../src/sfp.c'
' '
'Building file: ../src/si5324.c'
'Invoking: MicroBlaze gcc compiler'
mb-gcc -Wall -O0 -g3 -c -fmessage-length=0 -MT"src/si5324.o" -I../../lwip_echo_server_bsp/microblaze_0/include -mlittle-endian -mcpu=v10.0 -mxl-soft-mul -Wl,--no-relax -ffunction-sections -fdata-sections -MMD -MP -MF"src/si5324.d" -MT"src/si5324.o" -o "src/si5324.o" "../src/si5324.c"
'Finished building: ../src/si5324.c'
' '
'Building target: lwip_echo_server.elf'
'Invoking: MicroBlaze gcc linker'
mb-gcc -Wl,-T -Wl,../src/lscript.ld -L../../lwip_echo_server_bsp/microblaze_0/lib -mlittle-endian -mcpu=v10.0 -mxl-soft-mul -Wl,--no-relax -Wl,--gc-sections -o "lwip_echo_server.elf"  ./src/echo.o ./src/i2c_access.o ./src/iic_phyreset.o ./src/main.o ./src/platform.o ./src/platform_mb.o ./src/platform_ppc.o ./src/platform_zynq.o ./src/platform_zynqmp.o ./src/sfp.o ./src/si5324.o   -Wl,--start-group,-lxil,-lgcc,-lc,--end-group -Wl,--start-group,-lxil,-llwip4,-lgcc,-lc,--end-group
'Finished building target: lwip_echo_server.elf'
' '
'Invoking: MicroBlaze Print Size'
mb-size lwip_echo_server.elf  |tee "lwip_echo_server.elf.size"
   text	   data	    bss	    dec	    hex	filename
 136126	   1612	 749046	 886784	  d8800	lwip_echo_server.elf
'Finished building: lwip_echo_server.elf.size'
' '
18:13:52 **** Incremental Build of configuration Debug for project lwip_echo_server ****
make all 
make: Nothing to be done for 'all'.
18:16:00 **** Incremental Build of configuration Debug for project lwip_echo_server ****
make all 
make: Nothing to be done for 'all'.
19:53:34 **** Auto Build of configuration Debug for project lwip_echo_server ****
make all 
make: Nothing to be done for 'all'.
19:54:15 **** Incremental Build of configuration Debug for project lwip_echo_server ****
make all 
make: Nothing to be done for 'all'.
11:28:55 **** Incremental Build of configuration Debug for project lwip_echo_server ****
make all 
make: Nothing to be done for 'all'.
11:32:40 **** Auto Build of configuration Debug for project lwip_echo_server ****
make all 
make: Nothing to be done for 'all'.
11:33:49 **** Incremental Build of configuration Debug for project lwip_echo_server ****
make all 
make: Nothing to be done for 'all'.
11:34:56 **** Auto Build of configuration Debug for project lwip_echo_server ****
make all 
'Building file: ../src/echo.c'
'Invoking: MicroBlaze gcc compiler'
mb-gcc -Wall -O0 -g3 -c -fmessage-length=0 -MT"src/echo.o" -I../../lwip_echo_server_bsp/microblaze_0/include -mlittle-endian -mcpu=v10.0 -mxl-soft-mul -Wl,--no-relax -ffunction-sections -fdata-sections -MMD -MP -MF"src/echo.d" -MT"src/echo.o" -o "src/echo.o" "../src/echo.c"
'Finished building: ../src/echo.c'
' '
'Building target: lwip_echo_server.elf'
'Invoking: MicroBlaze gcc linker'
mb-gcc -Wl,-T -Wl,../src/lscript.ld -L../../lwip_echo_server_bsp/microblaze_0/lib -mlittle-endian -mcpu=v10.0 -mxl-soft-mul -Wl,--no-relax -Wl,--gc-sections -o "lwip_echo_server.elf"  ./src/echo.o ./src/i2c_access.o ./src/iic_phyreset.o ./src/main.o ./src/platform.o ./src/platform_mb.o ./src/platform_ppc.o ./src/platform_zynq.o ./src/platform_zynqmp.o ./src/sfp.o ./src/si5324.o   -Wl,--start-group,-lxil,-lgcc,-lc,--end-group -Wl,--start-group,-lxil,-llwip4,-lgcc,-lc,--end-group
'Finished building target: lwip_echo_server.elf'
' '
'Invoking: MicroBlaze Print Size'
mb-size lwip_echo_server.elf  |tee "lwip_echo_server.elf.size"
   text	   data	    bss	    dec	    hex	filename
 136458	   1612	 749050	 887120	  d8950	lwip_echo_server.elf
'Finished building: lwip_echo_server.elf.size'
' '
12:38:16 **** Incremental Build of configuration Debug for project lwip_echo_server ****
make all 
make: Nothing to be done for 'all'.
12:39:49 **** Auto Build of configuration Debug for project lwip_echo_server ****
make all 
'Building file: ../src/echo.c'
'Invoking: MicroBlaze gcc compiler'
mb-gcc -Wall -O0 -g3 -c -fmessage-length=0 -MT"src/echo.o" -I../../lwip_echo_server_bsp/microblaze_0/include -mlittle-endian -mcpu=v10.0 -mxl-soft-mul -Wl,--no-relax -ffunction-sections -fdata-sections -MMD -MP -MF"src/echo.d" -MT"src/echo.o" -o "src/echo.o" "../src/echo.c"
'Finished building: ../src/echo.c'
' '
'Building target: lwip_echo_server.elf'
'Invoking: MicroBlaze gcc linker'
mb-gcc -Wl,-T -Wl,../src/lscript.ld -L../../lwip_echo_server_bsp/microblaze_0/lib -mlittle-endian -mcpu=v10.0 -mxl-soft-mul -Wl,--no-relax -Wl,--gc-sections -o "lwip_echo_server.elf"  ./src/echo.o ./src/i2c_access.o ./src/iic_phyreset.o ./src/main.o ./src/platform.o ./src/platform_mb.o ./src/platform_ppc.o ./src/platform_zynq.o ./src/platform_zynqmp.o ./src/sfp.o ./src/si5324.o   -Wl,--start-group,-lxil,-lgcc,-lc,--end-group -Wl,--start-group,-lxil,-llwip4,-lgcc,-lc,--end-group
'Finished building target: lwip_echo_server.elf'
' '
'Invoking: MicroBlaze Print Size'
mb-size lwip_echo_server.elf  |tee "lwip_echo_server.elf.size"
   text	   data	    bss	    dec	    hex	filename
 136330	   1612	 749050	 886992	  d88d0	lwip_echo_server.elf
'Finished building: lwip_echo_server.elf.size'
' '
12:40:35 **** Auto Build of configuration Debug for project lwip_echo_server ****
make all 
'Building file: ../src/main.c'
'Invoking: MicroBlaze gcc compiler'
mb-gcc -Wall -O0 -g3 -c -fmessage-length=0 -MT"src/main.o" -I../../lwip_echo_server_bsp/microblaze_0/include -mlittle-endian -mcpu=v10.0 -mxl-soft-mul -Wl,--no-relax -ffunction-sections -fdata-sections -MMD -MP -MF"src/main.d" -MT"src/main.o" -o "src/main.o" "../src/main.c"
../src/main.c: In function 'main':
../src/main.c:127:2: warning: implicit declaration of function 'light_led' [-Wimplicit-function-declaration]
  light_led();
  ^~~~~~~~~
'Finished building: ../src/main.c'
' '
'Building target: lwip_echo_server.elf'
'Invoking: MicroBlaze gcc linker'
mb-gcc -Wl,-T -Wl,../src/lscript.ld -L../../lwip_echo_server_bsp/microblaze_0/lib -mlittle-endian -mcpu=v10.0 -mxl-soft-mul -Wl,--no-relax -Wl,--gc-sections -o "lwip_echo_server.elf"  ./src/echo.o ./src/i2c_access.o ./src/iic_phyreset.o ./src/main.o ./src/platform.o ./src/platform_mb.o ./src/platform_ppc.o ./src/platform_zynq.o ./src/platform_zynqmp.o ./src/sfp.o ./src/si5324.o   -Wl,--start-group,-lxil,-lgcc,-lc,--end-group -Wl,--start-group,-lxil,-llwip4,-lgcc,-lc,--end-group
'Finished building target: lwip_echo_server.elf'
' '
'Invoking: MicroBlaze Print Size'
mb-size lwip_echo_server.elf  |tee "lwip_echo_server.elf.size"
   text	   data	    bss	    dec	    hex	filename
 136506	   1612	 749050	 887168	  d8980	lwip_echo_server.elf
'Finished building: lwip_echo_server.elf.size'
' '
12:41:54 **** Incremental Build of configuration Debug for project lwip_echo_server ****
make all 
make: Nothing to be done for 'all'.
12:43:49 **** Auto Build of configuration Debug for project lwip_echo_server ****
make all 
'Building file: ../src/echo.c'
'Invoking: MicroBlaze gcc compiler'
mb-gcc -Wall -O0 -g3 -c -fmessage-length=0 -MT"src/echo.o" -I../../lwip_echo_server_bsp/microblaze_0/include -mlittle-endian -mcpu=v10.0 -mxl-soft-mul -Wl,--no-relax -ffunction-sections -fdata-sections -MMD -MP -MF"src/echo.d" -MT"src/echo.o" -o "src/echo.o" "../src/echo.c"
'Finished building: ../src/echo.c'
' '
'Building target: lwip_echo_server.elf'
'Invoking: MicroBlaze gcc linker'
mb-gcc -Wl,-T -Wl,../src/lscript.ld -L../../lwip_echo_server_bsp/microblaze_0/lib -mlittle-endian -mcpu=v10.0 -mxl-soft-mul -Wl,--no-relax -Wl,--gc-sections -o "lwip_echo_server.elf"  ./src/echo.o ./src/i2c_access.o ./src/iic_phyreset.o ./src/main.o ./src/platform.o ./src/platform_mb.o ./src/platform_ppc.o ./src/platform_zynq.o ./src/platform_zynqmp.o ./src/sfp.o ./src/si5324.o   -Wl,--start-group,-lxil,-lgcc,-lc,--end-group -Wl,--start-group,-lxil,-llwip4,-lgcc,-lc,--end-group
'Finished building target: lwip_echo_server.elf'
' '
'Invoking: MicroBlaze Print Size'
mb-size lwip_echo_server.elf  |tee "lwip_echo_server.elf.size"
   text	   data	    bss	    dec	    hex	filename
 136506	   1612	 749050	 887168	  d8980	lwip_echo_server.elf
'Finished building: lwip_echo_server.elf.size'
' '
12:43:56 **** Auto Build of configuration Debug for project lwip_echo_server ****
make all 
'Building file: ../src/echo.c'
'Invoking: MicroBlaze gcc compiler'
mb-gcc -Wall -O0 -g3 -c -fmessage-length=0 -MT"src/echo.o" -I../../lwip_echo_server_bsp/microblaze_0/include -mlittle-endian -mcpu=v10.0 -mxl-soft-mul -Wl,--no-relax -ffunction-sections -fdata-sections -MMD -MP -MF"src/echo.d" -MT"src/echo.o" -o "src/echo.o" "../src/echo.c"
'Finished building: ../src/echo.c'
' '
'Building target: lwip_echo_server.elf'
'Invoking: MicroBlaze gcc linker'
mb-gcc -Wl,-T -Wl,../src/lscript.ld -L../../lwip_echo_server_bsp/microblaze_0/lib -mlittle-endian -mcpu=v10.0 -mxl-soft-mul -Wl,--no-relax -Wl,--gc-sections -o "lwip_echo_server.elf"  ./src/echo.o ./src/i2c_access.o ./src/iic_phyreset.o ./src/main.o ./src/platform.o ./src/platform_mb.o ./src/platform_ppc.o ./src/platform_zynq.o ./src/platform_zynqmp.o ./src/sfp.o ./src/si5324.o   -Wl,--start-group,-lxil,-lgcc,-lc,--end-group -Wl,--start-group,-lxil,-llwip4,-lgcc,-lc,--end-group
'Finished building target: lwip_echo_server.elf'
' '
'Invoking: MicroBlaze Print Size'
mb-size lwip_echo_server.elf  |tee "lwip_echo_server.elf.size"
   text	   data	    bss	    dec	    hex	filename
 136506	   1612	 749050	 887168	  d8980	lwip_echo_server.elf
'Finished building: lwip_echo_server.elf.size'
' '
12:45:20 **** Auto Build of configuration Debug for project lwip_echo_server ****
make all 
'Building file: ../src/echo.c'
'Invoking: MicroBlaze gcc compiler'
mb-gcc -Wall -O0 -g3 -c -fmessage-length=0 -MT"src/echo.o" -I../../lwip_echo_server_bsp/microblaze_0/include -mlittle-endian -mcpu=v10.0 -mxl-soft-mul -Wl,--no-relax -ffunction-sections -fdata-sections -MMD -MP -MF"src/echo.d" -MT"src/echo.o" -o "src/echo.o" "../src/echo.c"
'Finished building: ../src/echo.c'
' '
'Building target: lwip_echo_server.elf'
'Invoking: MicroBlaze gcc linker'
mb-gcc -Wl,-T -Wl,../src/lscript.ld -L../../lwip_echo_server_bsp/microblaze_0/lib -mlittle-endian -mcpu=v10.0 -mxl-soft-mul -Wl,--no-relax -Wl,--gc-sections -o "lwip_echo_server.elf"  ./src/echo.o ./src/i2c_access.o ./src/iic_phyreset.o ./src/main.o ./src/platform.o ./src/platform_mb.o ./src/platform_ppc.o ./src/platform_zynq.o ./src/platform_zynqmp.o ./src/sfp.o ./src/si5324.o   -Wl,--start-group,-lxil,-lgcc,-lc,--end-group -Wl,--start-group,-lxil,-llwip4,-lgcc,-lc,--end-group
'Finished building target: lwip_echo_server.elf'
' '
'Invoking: MicroBlaze Print Size'
mb-size lwip_echo_server.elf  |tee "lwip_echo_server.elf.size"
   text	   data	    bss	    dec	    hex	filename
 136534	   1612	 749046	 887192	  d8998	lwip_echo_server.elf
'Finished building: lwip_echo_server.elf.size'
' '
12:45:25 **** Incremental Build of configuration Debug for project lwip_echo_server ****
make all 
make: Nothing to be done for 'all'.
12:46:52 **** Auto Build of configuration Debug for project lwip_echo_server ****
make all 
'Building file: ../src/echo.c'
'Invoking: MicroBlaze gcc compiler'
mb-gcc -Wall -O0 -g3 -c -fmessage-length=0 -MT"src/echo.o" -I../../lwip_echo_server_bsp/microblaze_0/include -mlittle-endian -mcpu=v10.0 -mxl-soft-mul -Wl,--no-relax -ffunction-sections -fdata-sections -MMD -MP -MF"src/echo.d" -MT"src/echo.o" -o "src/echo.o" "../src/echo.c"
'Finished building: ../src/echo.c'
' '
'Building target: lwip_echo_server.elf'
'Invoking: MicroBlaze gcc linker'
mb-gcc -Wl,-T -Wl,../src/lscript.ld -L../../lwip_echo_server_bsp/microblaze_0/lib -mlittle-endian -mcpu=v10.0 -mxl-soft-mul -Wl,--no-relax -Wl,--gc-sections -o "lwip_echo_server.elf"  ./src/echo.o ./src/i2c_access.o ./src/iic_phyreset.o ./src/main.o ./src/platform.o ./src/platform_mb.o ./src/platform_ppc.o ./src/platform_zynq.o ./src/platform_zynqmp.o ./src/sfp.o ./src/si5324.o   -Wl,--start-group,-lxil,-lgcc,-lc,--end-group -Wl,--start-group,-lxil,-llwip4,-lgcc,-lc,--end-group
'Finished building target: lwip_echo_server.elf'
' '
'Invoking: MicroBlaze Print Size'
mb-size lwip_echo_server.elf  |tee "lwip_echo_server.elf.size"
   text	   data	    bss	    dec	    hex	filename
 136534	   1612	 749046	 887192	  d8998	lwip_echo_server.elf
'Finished building: lwip_echo_server.elf.size'
' '
12:46:55 **** Incremental Build of configuration Debug for project lwip_echo_server ****
make all 
make: Nothing to be done for 'all'.
12:47:24 **** Auto Build of configuration Debug for project lwip_echo_server ****
make all 
'Building file: ../src/echo.c'
'Invoking: MicroBlaze gcc compiler'
mb-gcc -Wall -O0 -g3 -c -fmessage-length=0 -MT"src/echo.o" -I../../lwip_echo_server_bsp/microblaze_0/include -mlittle-endian -mcpu=v10.0 -mxl-soft-mul -Wl,--no-relax -ffunction-sections -fdata-sections -MMD -MP -MF"src/echo.d" -MT"src/echo.o" -o "src/echo.o" "../src/echo.c"
'Finished building: ../src/echo.c'
' '
'Building target: lwip_echo_server.elf'
'Invoking: MicroBlaze gcc linker'
mb-gcc -Wl,-T -Wl,../src/lscript.ld -L../../lwip_echo_server_bsp/microblaze_0/lib -mlittle-endian -mcpu=v10.0 -mxl-soft-mul -Wl,--no-relax -Wl,--gc-sections -o "lwip_echo_server.elf"  ./src/echo.o ./src/i2c_access.o ./src/iic_phyreset.o ./src/main.o ./src/platform.o ./src/platform_mb.o ./src/platform_ppc.o ./src/platform_zynq.o ./src/platform_zynqmp.o ./src/sfp.o ./src/si5324.o   -Wl,--start-group,-lxil,-lgcc,-lc,--end-group -Wl,--start-group,-lxil,-llwip4,-lgcc,-lc,--end-group
'Finished building target: lwip_echo_server.elf'
' '
'Invoking: MicroBlaze Print Size'
mb-size lwip_echo_server.elf  |tee "lwip_echo_server.elf.size"
   text	   data	    bss	    dec	    hex	filename
 136534	   1612	 749046	 887192	  d8998	lwip_echo_server.elf
'Finished building: lwip_echo_server.elf.size'
' '
12:48:29 **** Auto Build of configuration Debug for project lwip_echo_server ****
make all 
'Building file: ../src/echo.c'
'Invoking: MicroBlaze gcc compiler'
mb-gcc -Wall -O0 -g3 -c -fmessage-length=0 -MT"src/echo.o" -I../../lwip_echo_server_bsp/microblaze_0/include -mlittle-endian -mcpu=v10.0 -mxl-soft-mul -Wl,--no-relax -ffunction-sections -fdata-sections -MMD -MP -MF"src/echo.d" -MT"src/echo.o" -o "src/echo.o" "../src/echo.c"
../src/echo.c: In function 'recv_callback':
../src/echo.c:91:41: warning: assignment makes integer from pointer without a cast [-Wint-conversion]
   *(int *)(GPIO_BASEADDR + DATA_OFFSET) = p->payload;
                                         ^
'Finished building: ../src/echo.c'
' '
'Building target: lwip_echo_server.elf'
'Invoking: MicroBlaze gcc linker'
mb-gcc -Wl,-T -Wl,../src/lscript.ld -L../../lwip_echo_server_bsp/microblaze_0/lib -mlittle-endian -mcpu=v10.0 -mxl-soft-mul -Wl,--no-relax -Wl,--gc-sections -o "lwip_echo_server.elf"  ./src/echo.o ./src/i2c_access.o ./src/iic_phyreset.o ./src/main.o ./src/platform.o ./src/platform_mb.o ./src/platform_ppc.o ./src/platform_zynq.o ./src/platform_zynqmp.o ./src/sfp.o ./src/si5324.o   -Wl,--start-group,-lxil,-lgcc,-lc,--end-group -Wl,--start-group,-lxil,-llwip4,-lgcc,-lc,--end-group
'Finished building target: lwip_echo_server.elf'
' '
'Invoking: MicroBlaze Print Size'
mb-size lwip_echo_server.elf  |tee "lwip_echo_server.elf.size"
   text	   data	    bss	    dec	    hex	filename
 136554	   1612	 749050	 887216	  d89b0	lwip_echo_server.elf
'Finished building: lwip_echo_server.elf.size'
' '
12:48:43 **** Incremental Build of configuration Debug for project lwip_echo_server ****
make all 
make: Nothing to be done for 'all'.
12:51:46 **** Auto Build of configuration Debug for project lwip_echo_server ****
make all 
'Building file: ../src/echo.c'
'Invoking: MicroBlaze gcc compiler'
mb-gcc -Wall -O0 -g3 -c -fmessage-length=0 -MT"src/echo.o" -I../../lwip_echo_server_bsp/microblaze_0/include -mlittle-endian -mcpu=v10.0 -mxl-soft-mul -Wl,--no-relax -ffunction-sections -fdata-sections -MMD -MP -MF"src/echo.d" -MT"src/echo.o" -o "src/echo.o" "../src/echo.c"
../src/echo.c: In function 'recv_callback':
../src/echo.c:92:41: warning: assignment makes integer from pointer without a cast [-Wint-conversion]
   *(int *)(GPIO_BASEADDR + DATA_OFFSET) = p->payload;
                                         ^
'Finished building: ../src/echo.c'
' '
'Building target: lwip_echo_server.elf'
'Invoking: MicroBlaze gcc linker'
mb-gcc -Wl,-T -Wl,../src/lscript.ld -L../../lwip_echo_server_bsp/microblaze_0/lib -mlittle-endian -mcpu=v10.0 -mxl-soft-mul -Wl,--no-relax -Wl,--gc-sections -o "lwip_echo_server.elf"  ./src/echo.o ./src/i2c_access.o ./src/iic_phyreset.o ./src/main.o ./src/platform.o ./src/platform_mb.o ./src/platform_ppc.o ./src/platform_zynq.o ./src/platform_zynqmp.o ./src/sfp.o ./src/si5324.o   -Wl,--start-group,-lxil,-lgcc,-lc,--end-group -Wl,--start-group,-lxil,-llwip4,-lgcc,-lc,--end-group
'Finished building target: lwip_echo_server.elf'
' '
'Invoking: MicroBlaze Print Size'
mb-size lwip_echo_server.elf  |tee "lwip_echo_server.elf.size"
   text	   data	    bss	    dec	    hex	filename
 136566	   1612	 749046	 887224	  d89b8	lwip_echo_server.elf
'Finished building: lwip_echo_server.elf.size'
' '
12:51:50 **** Incremental Build of configuration Debug for project lwip_echo_server ****
make all 
make: Nothing to be done for 'all'.
12:54:44 **** Auto Build of configuration Debug for project lwip_echo_server ****
make all 
'Building file: ../src/echo.c'
'Invoking: MicroBlaze gcc compiler'
mb-gcc -Wall -O0 -g3 -c -fmessage-length=0 -MT"src/echo.o" -I../../lwip_echo_server_bsp/microblaze_0/include -mlittle-endian -mcpu=v10.0 -mxl-soft-mul -Wl,--no-relax -ffunction-sections -fdata-sections -MMD -MP -MF"src/echo.d" -MT"src/echo.o" -o "src/echo.o" "../src/echo.c"
'Finished building: ../src/echo.c'
' '
'Building target: lwip_echo_server.elf'
'Invoking: MicroBlaze gcc linker'
mb-gcc -Wl,-T -Wl,../src/lscript.ld -L../../lwip_echo_server_bsp/microblaze_0/lib -mlittle-endian -mcpu=v10.0 -mxl-soft-mul -Wl,--no-relax -Wl,--gc-sections -o "lwip_echo_server.elf"  ./src/echo.o ./src/i2c_access.o ./src/iic_phyreset.o ./src/main.o ./src/platform.o ./src/platform_mb.o ./src/platform_ppc.o ./src/platform_zynq.o ./src/platform_zynqmp.o ./src/sfp.o ./src/si5324.o   -Wl,--start-group,-lxil,-lgcc,-lc,--end-group -Wl,--start-group,-lxil,-llwip4,-lgcc,-lc,--end-group
'Finished building target: lwip_echo_server.elf'
' '
'Invoking: MicroBlaze Print Size'
mb-size lwip_echo_server.elf  |tee "lwip_echo_server.elf.size"
   text	   data	    bss	    dec	    hex	filename
 136646	   1612	 749046	 887304	  d8a08	lwip_echo_server.elf
'Finished building: lwip_echo_server.elf.size'
' '
12:55:03 **** Incremental Build of configuration Debug for project lwip_echo_server ****
make all 
make: Nothing to be done for 'all'.
13:16:44 **** Auto Build of configuration Debug for project lwip_echo_server ****
make all 
'Building file: ../src/echo.c'
'Invoking: MicroBlaze gcc compiler'
mb-gcc -Wall -O0 -g3 -c -fmessage-length=0 -MT"src/echo.o" -I../../lwip_echo_server_bsp/microblaze_0/include -mlittle-endian -mcpu=v10.0 -mxl-soft-mul -Wl,--no-relax -ffunction-sections -fdata-sections -MMD -MP -MF"src/echo.d" -MT"src/echo.o" -o "src/echo.o" "../src/echo.c"
../src/echo.c: In function 'recv_callback':
../src/echo.c:93:2: error: expected ';' before '}' token
  } else
  ^
make: *** [src/subdir.mk:53: src/echo.o] Error 1
13:16:52 **** Auto Build of configuration Debug for project lwip_echo_server ****
make all 
'Building file: ../src/echo.c'
'Invoking: MicroBlaze gcc compiler'
mb-gcc -Wall -O0 -g3 -c -fmessage-length=0 -MT"src/echo.o" -I../../lwip_echo_server_bsp/microblaze_0/include -mlittle-endian -mcpu=v10.0 -mxl-soft-mul -Wl,--no-relax -ffunction-sections -fdata-sections -MMD -MP -MF"src/echo.d" -MT"src/echo.o" -o "src/echo.o" "../src/echo.c"
'Finished building: ../src/echo.c'
' '
'Building target: lwip_echo_server.elf'
'Invoking: MicroBlaze gcc linker'
mb-gcc -Wl,-T -Wl,../src/lscript.ld -L../../lwip_echo_server_bsp/microblaze_0/lib -mlittle-endian -mcpu=v10.0 -mxl-soft-mul -Wl,--no-relax -Wl,--gc-sections -o "lwip_echo_server.elf"  ./src/echo.o ./src/i2c_access.o ./src/iic_phyreset.o ./src/main.o ./src/platform.o ./src/platform_mb.o ./src/platform_ppc.o ./src/platform_zynq.o ./src/platform_zynqmp.o ./src/sfp.o ./src/si5324.o   -Wl,--start-group,-lxil,-lgcc,-lc,--end-group -Wl,--start-group,-lxil,-llwip4,-lgcc,-lc,--end-group
'Finished building target: lwip_echo_server.elf'
' '
'Invoking: MicroBlaze Print Size'
mb-size lwip_echo_server.elf  |tee "lwip_echo_server.elf.size"
   text	   data	    bss	    dec	    hex	filename
 136646	   1612	 749046	 887304	  d8a08	lwip_echo_server.elf
'Finished building: lwip_echo_server.elf.size'
' '
13:18:17 **** Auto Build of configuration Debug for project lwip_echo_server ****
make all 
'Building file: ../src/echo.c'
'Invoking: MicroBlaze gcc compiler'
mb-gcc -Wall -O0 -g3 -c -fmessage-length=0 -MT"src/echo.o" -I../../lwip_echo_server_bsp/microblaze_0/include -mlittle-endian -mcpu=v10.0 -mxl-soft-mul -Wl,--no-relax -ffunction-sections -fdata-sections -MMD -MP -MF"src/echo.d" -MT"src/echo.o" -o "src/echo.o" "../src/echo.c"
'Finished building: ../src/echo.c'
' '
'Building target: lwip_echo_server.elf'
'Invoking: MicroBlaze gcc linker'
mb-gcc -Wl,-T -Wl,../src/lscript.ld -L../../lwip_echo_server_bsp/microblaze_0/lib -mlittle-endian -mcpu=v10.0 -mxl-soft-mul -Wl,--no-relax -Wl,--gc-sections -o "lwip_echo_server.elf"  ./src/echo.o ./src/i2c_access.o ./src/iic_phyreset.o ./src/main.o ./src/platform.o ./src/platform_mb.o ./src/platform_ppc.o ./src/platform_zynq.o ./src/platform_zynqmp.o ./src/sfp.o ./src/si5324.o   -Wl,--start-group,-lxil,-lgcc,-lc,--end-group -Wl,--start-group,-lxil,-llwip4,-lgcc,-lc,--end-group
'Finished building target: lwip_echo_server.elf'
' '
'Invoking: MicroBlaze Print Size'
mb-size lwip_echo_server.elf  |tee "lwip_echo_server.elf.size"
   text	   data	    bss	    dec	    hex	filename
 136606	   1612	 749046	 887264	  d89e0	lwip_echo_server.elf
'Finished building: lwip_echo_server.elf.size'
' '
13:18:27 **** Incremental Build of configuration Debug for project lwip_echo_server ****
make all 
make: Nothing to be done for 'all'.
13:21:06 **** Auto Build of configuration Debug for project lwip_echo_server ****
make all 
'Building file: ../src/echo.c'
'Invoking: MicroBlaze gcc compiler'
mb-gcc -Wall -O0 -g3 -c -fmessage-length=0 -MT"src/echo.o" -I../../lwip_echo_server_bsp/microblaze_0/include -mlittle-endian -mcpu=v10.0 -mxl-soft-mul -Wl,--no-relax -ffunction-sections -fdata-sections -MMD -MP -MF"src/echo.d" -MT"src/echo.o" -o "src/echo.o" "../src/echo.c"
'Finished building: ../src/echo.c'
' '
'Building target: lwip_echo_server.elf'
'Invoking: MicroBlaze gcc linker'
mb-gcc -Wl,-T -Wl,../src/lscript.ld -L../../lwip_echo_server_bsp/microblaze_0/lib -mlittle-endian -mcpu=v10.0 -mxl-soft-mul -Wl,--no-relax -Wl,--gc-sections -o "lwip_echo_server.elf"  ./src/echo.o ./src/i2c_access.o ./src/iic_phyreset.o ./src/main.o ./src/platform.o ./src/platform_mb.o ./src/platform_ppc.o ./src/platform_zynq.o ./src/platform_zynqmp.o ./src/sfp.o ./src/si5324.o   -Wl,--start-group,-lxil,-lgcc,-lc,--end-group -Wl,--start-group,-lxil,-llwip4,-lgcc,-lc,--end-group
'Finished building target: lwip_echo_server.elf'
' '
'Invoking: MicroBlaze Print Size'
mb-size lwip_echo_server.elf  |tee "lwip_echo_server.elf.size"
   text	   data	    bss	    dec	    hex	filename
 136690	   1612	 749050	 887352	  d8a38	lwip_echo_server.elf
'Finished building: lwip_echo_server.elf.size'
' '
13:21:16 **** Auto Build of configuration Debug for project lwip_echo_server ****
make all 
'Building file: ../src/main.c'
'Invoking: MicroBlaze gcc compiler'
mb-gcc -Wall -O0 -g3 -c -fmessage-length=0 -MT"src/main.o" -I../../lwip_echo_server_bsp/microblaze_0/include -mlittle-endian -mcpu=v10.0 -mxl-soft-mul -Wl,--no-relax -ffunction-sections -fdata-sections -MMD -MP -MF"src/main.d" -MT"src/main.o" -o "src/main.o" "../src/main.c"
../src/main.c: In function 'main':
../src/main.c:127:2: warning: implicit declaration of function 'ini_led' [-Wimplicit-function-declaration]
  ini_led();
  ^~~~~~~
'Finished building: ../src/main.c'
' '
'Building target: lwip_echo_server.elf'
'Invoking: MicroBlaze gcc linker'
mb-gcc -Wl,-T -Wl,../src/lscript.ld -L../../lwip_echo_server_bsp/microblaze_0/lib -mlittle-endian -mcpu=v10.0 -mxl-soft-mul -Wl,--no-relax -Wl,--gc-sections -o "lwip_echo_server.elf"  ./src/echo.o ./src/i2c_access.o ./src/iic_phyreset.o ./src/main.o ./src/platform.o ./src/platform_mb.o ./src/platform_ppc.o ./src/platform_zynq.o ./src/platform_zynqmp.o ./src/sfp.o ./src/si5324.o   -Wl,--start-group,-lxil,-lgcc,-lc,--end-group -Wl,--start-group,-lxil,-llwip4,-lgcc,-lc,--end-group
'Finished building target: lwip_echo_server.elf'
' '
'Invoking: MicroBlaze Print Size'
mb-size lwip_echo_server.elf  |tee "lwip_echo_server.elf.size"
   text	   data	    bss	    dec	    hex	filename
 136842	   1612	 749050	 887504	  d8ad0	lwip_echo_server.elf
'Finished building: lwip_echo_server.elf.size'
' '
13:21:33 **** Incremental Build of configuration Debug for project lwip_echo_server ****
make all 
make: Nothing to be done for 'all'.
19:16:03 **** Auto Build of configuration Debug for project lwip_echo_server ****
make all 
'Building file: ../src/echo.c'
'Invoking: MicroBlaze gcc compiler'
mb-gcc -Wall -O0 -g3 -c -fmessage-length=0 -MT"src/echo.o" -I../../lwip_echo_server_bsp/microblaze_0/include -mlittle-endian -mcpu=v10.0 -mxl-soft-mul -Wl,--no-relax -ffunction-sections -fdata-sections -MMD -MP -MF"src/echo.d" -MT"src/echo.o" -o "src/echo.o" "../src/echo.c"
../src/echo.c: In function 'recv_callback':
../src/echo.c:178:7: warning: unused variable 'echo_button' [-Wunused-variable]
  char echo_button[64]="PRESS WEST BUTTON";
       ^~~~~~~~~~~
../src/echo.c: In function 'check_button':
../src/echo.c:162:1: warning: control reaches end of non-void function [-Wreturn-type]
 };
 ^
'Finished building: ../src/echo.c'
' '
'Building target: lwip_echo_server.elf'
'Invoking: MicroBlaze gcc linker'
mb-gcc -Wl,-T -Wl,../src/lscript.ld -L../../lwip_echo_server_bsp/microblaze_0/lib -mlittle-endian -mcpu=v10.0 -mxl-soft-mul -Wl,--no-relax -Wl,--gc-sections -o "lwip_echo_server.elf"  ./src/echo.o ./src/i2c_access.o ./src/iic_phyreset.o ./src/main.o ./src/platform.o ./src/platform_mb.o ./src/platform_ppc.o ./src/platform_zynq.o ./src/platform_zynqmp.o ./src/sfp.o ./src/si5324.o   -Wl,--start-group,-lxil,-lgcc,-lc,--end-group -Wl,--start-group,-lxil,-llwip4,-lgcc,-lc,--end-group
'Finished building target: lwip_echo_server.elf'
' '
'Invoking: MicroBlaze Print Size'
mb-size lwip_echo_server.elf  |tee "lwip_echo_server.elf.size"
   text	   data	    bss	    dec	    hex	filename
 138478	   1612	 749046	 889136	  d9130	lwip_echo_server.elf
'Finished building: lwip_echo_server.elf.size'
' '
19:16:14 **** Incremental Build of configuration Debug for project lwip_echo_server ****
make all 
make: Nothing to be done for 'all'.
19:19:49 **** Incremental Build of configuration Debug for project lwip_echo_server ****
make all 
make: Nothing to be done for 'all'.
19:20:43 **** Incremental Build of configuration Debug for project lwip_echo_server ****
make all 
make: Nothing to be done for 'all'.
21:05:23 **** Incremental Build of configuration Debug for project lwip_echo_server ****
make all 
make: Nothing to be done for 'all'.
21:06:29 **** Auto Build of configuration Debug for project lwip_echo_server ****
make all 
'Building file: ../src/echo.c'
'Invoking: MicroBlaze gcc compiler'
mb-gcc -Wall -O0 -g3 -c -fmessage-length=0 -MT"src/echo.o" -I../../lwip_echo_server_bsp/microblaze_0/include -mlittle-endian -mcpu=v10.0 -mxl-soft-mul -Wl,--no-relax -ffunction-sections -fdata-sections -MMD -MP -MF"src/echo.d" -MT"src/echo.o" -o "src/echo.o" "../src/echo.c"
../src/echo.c: In function 'recv_callback':
../src/echo.c:178:7: warning: unused variable 'echo_button' [-Wunused-variable]
  char echo_button[64]="PRESS WEST BUTTON";
       ^~~~~~~~~~~
../src/echo.c: In function 'check_button':
../src/echo.c:162:1: warning: control reaches end of non-void function [-Wreturn-type]
 };
 ^
'Finished building: ../src/echo.c'
' '
'Building target: lwip_echo_server.elf'
'Invoking: MicroBlaze gcc linker'
mb-gcc -Wl,-T -Wl,../src/lscript.ld -L../../lwip_echo_server_bsp/microblaze_0/lib -mlittle-endian -mcpu=v10.0 -mxl-soft-mul -Wl,--no-relax -Wl,--gc-sections -o "lwip_echo_server.elf"  ./src/echo.o ./src/i2c_access.o ./src/iic_phyreset.o ./src/main.o ./src/platform.o ./src/platform_mb.o ./src/platform_ppc.o ./src/platform_zynq.o ./src/platform_zynqmp.o ./src/sfp.o ./src/si5324.o   -Wl,--start-group,-lxil,-lgcc,-lc,--end-group -Wl,--start-group,-lxil,-llwip4,-lgcc,-lc,--end-group
'Finished building target: lwip_echo_server.elf'
' '
'Invoking: MicroBlaze Print Size'
mb-size lwip_echo_server.elf  |tee "lwip_echo_server.elf.size"
   text	   data	    bss	    dec	    hex	filename
 138478	   1612	 749046	 889136	  d9130	lwip_echo_server.elf
'Finished building: lwip_echo_server.elf.size'
' '
21:07:56 **** Incremental Build of configuration Debug for project lwip_echo_server ****
make all 
make: Nothing to be done for 'all'.
21:10:55 **** Auto Build of configuration Debug for project lwip_echo_server ****
make all 
'Building file: ../src/echo.c'
'Invoking: MicroBlaze gcc compiler'
mb-gcc -Wall -O0 -g3 -c -fmessage-length=0 -MT"src/echo.o" -I../../lwip_echo_server_bsp/microblaze_0/include -mlittle-endian -mcpu=v10.0 -mxl-soft-mul -Wl,--no-relax -ffunction-sections -fdata-sections -MMD -MP -MF"src/echo.d" -MT"src/echo.o" -o "src/echo.o" "../src/echo.c"
../src/echo.c: In function 'recv_callback':
../src/echo.c:178:7: warning: unused variable 'echo_button' [-Wunused-variable]
  char echo_button[64]="PRESS WEST BUTTON";
       ^~~~~~~~~~~
../src/echo.c: In function 'check_button':
../src/echo.c:162:1: warning: control reaches end of non-void function [-Wreturn-type]
 };
 ^
'Finished building: ../src/echo.c'
' '
'Building target: lwip_echo_server.elf'
'Invoking: MicroBlaze gcc linker'
mb-gcc -Wl,-T -Wl,../src/lscript.ld -L../../lwip_echo_server_bsp/microblaze_0/lib -mlittle-endian -mcpu=v10.0 -mxl-soft-mul -Wl,--no-relax -Wl,--gc-sections -o "lwip_echo_server.elf"  ./src/echo.o ./src/i2c_access.o ./src/iic_phyreset.o ./src/main.o ./src/platform.o ./src/platform_mb.o ./src/platform_ppc.o ./src/platform_zynq.o ./src/platform_zynqmp.o ./src/sfp.o ./src/si5324.o   -Wl,--start-group,-lxil,-lgcc,-lc,--end-group -Wl,--start-group,-lxil,-llwip4,-lgcc,-lc,--end-group
'Finished building target: lwip_echo_server.elf'
' '
'Invoking: MicroBlaze Print Size'
mb-size lwip_echo_server.elf  |tee "lwip_echo_server.elf.size"
   text	   data	    bss	    dec	    hex	filename
 138510	   1612	 749046	 889168	  d9150	lwip_echo_server.elf
'Finished building: lwip_echo_server.elf.size'
' '
21:11:15 **** Incremental Build of configuration Debug for project lwip_echo_server ****
make all 
make: Nothing to be done for 'all'.
21:13:08 **** Incremental Build of configuration Debug for project lwip_echo_server ****
make all 
'Building file: ../src/echo.c'
'Invoking: MicroBlaze gcc compiler'
mb-gcc -Wall -O0 -g3 -c -fmessage-length=0 -MT"src/echo.o" -I../../lwip_echo_server_bsp/microblaze_0/include -mlittle-endian -mcpu=v10.0 -mxl-soft-mul -Wl,--no-relax -ffunction-sections -fdata-sections -MMD -MP -MF"src/echo.d" -MT"src/echo.o" -o "src/echo.o" "../src/echo.c"
../src/echo.c: In function 'recv_callback':
../src/echo.c:178:7: warning: unused variable 'echo_button' [-Wunused-variable]
  char echo_button[64]="PRESS WEST BUTTON";
       ^~~~~~~~~~~
../src/echo.c: In function 'check_button':
../src/echo.c:162:1: warning: control reaches end of non-void function [-Wreturn-type]
 };
 ^
'Finished building: ../src/echo.c'
' '
'Building target: lwip_echo_server.elf'
'Invoking: MicroBlaze gcc linker'
mb-gcc -Wl,-T -Wl,../src/lscript.ld -L../../lwip_echo_server_bsp/microblaze_0/lib -mlittle-endian -mcpu=v10.0 -mxl-soft-mul -Wl,--no-relax -Wl,--gc-sections -o "lwip_echo_server.elf"  ./src/echo.o ./src/i2c_access.o ./src/iic_phyreset.o ./src/main.o ./src/platform.o ./src/platform_mb.o ./src/platform_ppc.o ./src/platform_zynq.o ./src/platform_zynqmp.o ./src/sfp.o ./src/si5324.o   -Wl,--start-group,-lxil,-lgcc,-lc,--end-group -Wl,--start-group,-lxil,-llwip4,-lgcc,-lc,--end-group
'Finished building target: lwip_echo_server.elf'
' '
'Invoking: MicroBlaze Print Size'
mb-size lwip_echo_server.elf  |tee "lwip_echo_server.elf.size"
   text	   data	    bss	    dec	    hex	filename
 138510	   1612	 749046	 889168	  d9150	lwip_echo_server.elf
'Finished building: lwip_echo_server.elf.size'
' '
21:15:56 **** Auto Build of configuration Debug for project lwip_echo_server ****
make all 
'Building file: ../src/echo.c'
'Invoking: MicroBlaze gcc compiler'
mb-gcc -Wall -O0 -g3 -c -fmessage-length=0 -MT"src/echo.o" -I../../lwip_echo_server_bsp/microblaze_0/include -mlittle-endian -mcpu=v10.0 -mxl-soft-mul -Wl,--no-relax -ffunction-sections -fdata-sections -MMD -MP -MF"src/echo.d" -MT"src/echo.o" -o "src/echo.o" "../src/echo.c"
../src/echo.c: In function 'recv_callback':
../src/echo.c:178:7: warning: unused variable 'echo_button' [-Wunused-variable]
  char echo_button[64]="PRESS WEST BUTTON";
       ^~~~~~~~~~~
../src/echo.c: In function 'check_button':
../src/echo.c:162:1: warning: control reaches end of non-void function [-Wreturn-type]
 };
 ^
'Finished building: ../src/echo.c'
' '
'Building target: lwip_echo_server.elf'
'Invoking: MicroBlaze gcc linker'
mb-gcc -Wl,-T -Wl,../src/lscript.ld -L../../lwip_echo_server_bsp/microblaze_0/lib -mlittle-endian -mcpu=v10.0 -mxl-soft-mul -Wl,--no-relax -Wl,--gc-sections -o "lwip_echo_server.elf"  ./src/echo.o ./src/i2c_access.o ./src/iic_phyreset.o ./src/main.o ./src/platform.o ./src/platform_mb.o ./src/platform_ppc.o ./src/platform_zynq.o ./src/platform_zynqmp.o ./src/sfp.o ./src/si5324.o   -Wl,--start-group,-lxil,-lgcc,-lc,--end-group -Wl,--start-group,-lxil,-llwip4,-lgcc,-lc,--end-group
'Finished building target: lwip_echo_server.elf'
' '
'Invoking: MicroBlaze Print Size'
mb-size lwip_echo_server.elf  |tee "lwip_echo_server.elf.size"
   text	   data	    bss	    dec	    hex	filename
 138510	   1612	 749046	 889168	  d9150	lwip_echo_server.elf
'Finished building: lwip_echo_server.elf.size'
' '
21:16:02 **** Incremental Build of configuration Debug for project lwip_echo_server ****
make all 
make: Nothing to be done for 'all'.
09:37:15 **** Incremental Build of configuration Debug for project lwip_echo_server ****
make all 
make: Nothing to be done for 'all'.
09:40:01 **** Incremental Build of configuration Debug for project lwip_echo_server ****
make all 
make: Nothing to be done for 'all'.
09:42:27 **** Auto Build of configuration Debug for project lwip_echo_server ****
make all 
'Building file: ../src/echo.c'
'Invoking: MicroBlaze gcc compiler'
mb-gcc -Wall -O0 -g3 -c -fmessage-length=0 -MT"src/echo.o" -I../../lwip_echo_server_bsp/microblaze_0/include -mlittle-endian -mcpu=v10.0 -mxl-soft-mul -Wl,--no-relax -ffunction-sections -fdata-sections -MMD -MP -MF"src/echo.d" -MT"src/echo.o" -o "src/echo.o" "../src/echo.c"
../src/echo.c: In function 'recv_callback':
../src/echo.c:178:7: warning: unused variable 'echo_button' [-Wunused-variable]
  char echo_button[64]="PRESS WEST BUTTON";
       ^~~~~~~~~~~
../src/echo.c: In function 'check_button':
../src/echo.c:162:1: warning: control reaches end of non-void function [-Wreturn-type]
 };
 ^
'Finished building: ../src/echo.c'
' '
'Building target: lwip_echo_server.elf'
'Invoking: MicroBlaze gcc linker'
mb-gcc -Wl,-T -Wl,../src/lscript.ld -L../../lwip_echo_server_bsp/microblaze_0/lib -mlittle-endian -mcpu=v10.0 -mxl-soft-mul -Wl,--no-relax -Wl,--gc-sections -o "lwip_echo_server.elf"  ./src/echo.o ./src/i2c_access.o ./src/iic_phyreset.o ./src/main.o ./src/platform.o ./src/platform_mb.o ./src/platform_ppc.o ./src/platform_zynq.o ./src/platform_zynqmp.o ./src/sfp.o ./src/si5324.o   -Wl,--start-group,-lxil,-lgcc,-lc,--end-group -Wl,--start-group,-lxil,-llwip4,-lgcc,-lc,--end-group
'Finished building target: lwip_echo_server.elf'
' '
'Invoking: MicroBlaze Print Size'
mb-size lwip_echo_server.elf  |tee "lwip_echo_server.elf.size"
   text	   data	    bss	    dec	    hex	filename
 138510	   1612	 749046	 889168	  d9150	lwip_echo_server.elf
'Finished building: lwip_echo_server.elf.size'
' '
09:42:42 **** Incremental Build of configuration Debug for project lwip_echo_server ****
make all 
make: Nothing to be done for 'all'.
13:17:19 **** Incremental Build of configuration Debug for project lwip_echo_server ****
make all 
make: Nothing to be done for 'all'.
13:19:32 **** Incremental Build of configuration Debug for project lwip_echo_server ****
make all 
make: Nothing to be done for 'all'.
13:29:56 **** Incremental Build of configuration Debug for project lwip_echo_server ****
make all 
make: Nothing to be done for 'all'.
13:34:40 **** Incremental Build of configuration Debug for project lwip_echo_server ****
make all 
make: Nothing to be done for 'all'.
13:39:08 **** Incremental Build of configuration Debug for project lwip_echo_server ****
make all 
make: Nothing to be done for 'all'.
09:13:36 **** Incremental Build of configuration Debug for project lwip_echo_server ****
make all 
make: Nothing to be done for 'all'.
09:19:36 **** Auto Build of configuration Debug for project lwip_echo_server ****
make all 
'Building file: ../src/echo.c'
'Invoking: MicroBlaze gcc compiler'
mb-gcc -Wall -O0 -g3 -c -fmessage-length=0 -MT"src/echo.o" -I../../lwip_echo_server_bsp/microblaze_0/include -mlittle-endian -mcpu=v10.0 -mxl-soft-mul -Wl,--no-relax -ffunction-sections -fdata-sections -MMD -MP -MF"src/echo.d" -MT"src/echo.o" -o "src/echo.o" "../src/echo.c"
In file included from ../../lwip_echo_server_bsp/microblaze_0/include/lwip/arch.h:43,
                 from ../../lwip_echo_server_bsp/microblaze_0/include/lwip/debug.h:35,
                 from ../../lwip_echo_server_bsp/microblaze_0/include/lwip/opt.h:46,
                 from ../../lwip_echo_server_bsp/microblaze_0/include/lwip/err.h:35,
                 from ../src/echo.c:36:
../../lwip_echo_server_bsp/microblaze_0/include/arch/cc.h:66: warning: "BYTE_ORDER" redefined
 #define BYTE_ORDER LITTLE_ENDIAN
 
In file included from d:\xilinx\sdk\2019.1\gnu\microblaze\nt\microblaze-xilinx-elf\include\sys\types.h:67,
                 from d:\xilinx\sdk\2019.1\gnu\microblaze\nt\microblaze-xilinx-elf\include\stdio.h:61,
                 from ../src/echo.c:33:
d:\xilinx\sdk\2019.1\gnu\microblaze\nt\microblaze-xilinx-elf\include\machine\endian.h:20: note: this is the location of the previous definition
 #define BYTE_ORDER _BYTE_ORDER
 
../src/echo.c: In function 'recv_callback':
../src/echo.c:178:7: warning: unused variable 'echo_button' [-Wunused-variable]
  char echo_button[64]="PRESS WEST BUTTON";
       ^~~~~~~~~~~
../src/echo.c: In function 'check_button':
../src/echo.c:162:1: warning: control reaches end of non-void function [-Wreturn-type]
 };
 ^
'Finished building: ../src/echo.c'
' '
'Building target: lwip_echo_server.elf'
'Invoking: MicroBlaze gcc linker'
mb-gcc -Wl,-T -Wl,../src/lscript.ld -L../../lwip_echo_server_bsp/microblaze_0/lib -mlittle-endian -mcpu=v10.0 -mxl-soft-mul -Wl,--no-relax -Wl,--gc-sections -o "lwip_echo_server.elf"  ./src/echo.o ./src/i2c_access.o ./src/iic_phyreset.o ./src/main.o ./src/platform.o ./src/platform_mb.o ./src/platform_ppc.o ./src/platform_zynq.o ./src/platform_zynqmp.o ./src/sfp.o ./src/si5324.o   -Wl,--start-group,-lxil,-lgcc,-lc,--end-group -Wl,--start-group,-lxil,-llwip4,-lgcc,-lc,--end-group
'Finished building target: lwip_echo_server.elf'
' '
'Invoking: MicroBlaze Print Size'
mb-size lwip_echo_server.elf  |tee "lwip_echo_server.elf.size"
   text	   data	    bss	    dec	    hex	filename
 138510	   1612	 749046	 889168	  d9150	lwip_echo_server.elf
'Finished building: lwip_echo_server.elf.size'
' '
09:19:56 **** Incremental Build of configuration Debug for project lwip_echo_server ****
make all 
make: Nothing to be done for 'all'.
09:24:32 **** Auto Build of configuration Debug for project lwip_echo_server ****
make all 
'Building file: ../src/echo.c'
'Invoking: MicroBlaze gcc compiler'
mb-gcc -Wall -O0 -g3 -c -fmessage-length=0 -MT"src/echo.o" -I../../lwip_echo_server_bsp/microblaze_0/include -mlittle-endian -mcpu=v10.0 -mxl-soft-mul -Wl,--no-relax -ffunction-sections -fdata-sections -MMD -MP -MF"src/echo.d" -MT"src/echo.o" -o "src/echo.o" "../src/echo.c"
In file included from ../../lwip_echo_server_bsp/microblaze_0/include/lwip/arch.h:43,
                 from ../../lwip_echo_server_bsp/microblaze_0/include/lwip/debug.h:35,
                 from ../../lwip_echo_server_bsp/microblaze_0/include/lwip/opt.h:46,
                 from ../../lwip_echo_server_bsp/microblaze_0/include/lwip/err.h:35,
                 from ../src/echo.c:36:
../../lwip_echo_server_bsp/microblaze_0/include/arch/cc.h:66: warning: "BYTE_ORDER" redefined
 #define BYTE_ORDER LITTLE_ENDIAN
 
In file included from d:\xilinx\sdk\2019.1\gnu\microblaze\nt\microblaze-xilinx-elf\include\sys\types.h:67,
                 from d:\xilinx\sdk\2019.1\gnu\microblaze\nt\microblaze-xilinx-elf\include\stdio.h:61,
                 from ../src/echo.c:33:
d:\xilinx\sdk\2019.1\gnu\microblaze\nt\microblaze-xilinx-elf\include\machine\endian.h:20: note: this is the location of the previous definition
 #define BYTE_ORDER _BYTE_ORDER
 
../src/echo.c: In function 'recv_callback':
../src/echo.c:178:7: warning: unused variable 'echo_button' [-Wunused-variable]
  char echo_button[64]="PRESS WEST BUTTON";
       ^~~~~~~~~~~
../src/echo.c: In function 'check_button':
../src/echo.c:162:1: warning: control reaches end of non-void function [-Wreturn-type]
 };
 ^
'Finished building: ../src/echo.c'
' '
'Building target: lwip_echo_server.elf'
'Invoking: MicroBlaze gcc linker'
mb-gcc -Wl,-T -Wl,../src/lscript.ld -L../../lwip_echo_server_bsp/microblaze_0/lib -mlittle-endian -mcpu=v10.0 -mxl-soft-mul -Wl,--no-relax -Wl,--gc-sections -o "lwip_echo_server.elf"  ./src/echo.o ./src/i2c_access.o ./src/iic_phyreset.o ./src/main.o ./src/platform.o ./src/platform_mb.o ./src/platform_ppc.o ./src/platform_zynq.o ./src/platform_zynqmp.o ./src/sfp.o ./src/si5324.o   -Wl,--start-group,-lxil,-lgcc,-lc,--end-group -Wl,--start-group,-lxil,-llwip4,-lgcc,-lc,--end-group
'Finished building target: lwip_echo_server.elf'
' '
'Invoking: MicroBlaze Print Size'
mb-size lwip_echo_server.elf  |tee "lwip_echo_server.elf.size"
   text	   data	    bss	    dec	    hex	filename
 138538	   1612	 749050	 889200	  d9170	lwip_echo_server.elf
'Finished building: lwip_echo_server.elf.size'
' '
09:24:38 **** Incremental Build of configuration Debug for project lwip_echo_server ****
make all 
make: Nothing to be done for 'all'.
09:27:37 **** Auto Build of configuration Debug for project lwip_echo_server ****
make all 
'Building file: ../src/echo.c'
'Invoking: MicroBlaze gcc compiler'
mb-gcc -Wall -O0 -g3 -c -fmessage-length=0 -MT"src/echo.o" -I../../lwip_echo_server_bsp/microblaze_0/include -mlittle-endian -mcpu=v10.0 -mxl-soft-mul -Wl,--no-relax -ffunction-sections -fdata-sections -MMD -MP -MF"src/echo.d" -MT"src/echo.o" -o "src/echo.o" "../src/echo.c"
In file included from ../../lwip_echo_server_bsp/microblaze_0/include/lwip/arch.h:43,
                 from ../../lwip_echo_server_bsp/microblaze_0/include/lwip/debug.h:35,
                 from ../../lwip_echo_server_bsp/microblaze_0/include/lwip/opt.h:46,
                 from ../../lwip_echo_server_bsp/microblaze_0/include/lwip/err.h:35,
                 from ../src/echo.c:36:
../../lwip_echo_server_bsp/microblaze_0/include/arch/cc.h:66: warning: "BYTE_ORDER" redefined
 #define BYTE_ORDER LITTLE_ENDIAN
 
In file included from d:\xilinx\sdk\2019.1\gnu\microblaze\nt\microblaze-xilinx-elf\include\sys\types.h:67,
                 from d:\xilinx\sdk\2019.1\gnu\microblaze\nt\microblaze-xilinx-elf\include\stdio.h:61,
                 from ../src/echo.c:33:
d:\xilinx\sdk\2019.1\gnu\microblaze\nt\microblaze-xilinx-elf\include\machine\endian.h:20: note: this is the location of the previous definition
 #define BYTE_ORDER _BYTE_ORDER
 
../src/echo.c: In function 'recv_callback':
../src/echo.c:178:7: warning: unused variable 'echo_button' [-Wunused-variable]
  char echo_button[64]="PRESS WEST BUTTON";
       ^~~~~~~~~~~
../src/echo.c: In function 'check_button':
../src/echo.c:162:1: warning: control reaches end of non-void function [-Wreturn-type]
 };
 ^
'Finished building: ../src/echo.c'
' '
'Building target: lwip_echo_server.elf'
'Invoking: MicroBlaze gcc linker'
mb-gcc -Wl,-T -Wl,../src/lscript.ld -L../../lwip_echo_server_bsp/microblaze_0/lib -mlittle-endian -mcpu=v10.0 -mxl-soft-mul -Wl,--no-relax -Wl,--gc-sections -o "lwip_echo_server.elf"  ./src/echo.o ./src/i2c_access.o ./src/iic_phyreset.o ./src/main.o ./src/platform.o ./src/platform_mb.o ./src/platform_ppc.o ./src/platform_zynq.o ./src/platform_zynqmp.o ./src/sfp.o ./src/si5324.o   -Wl,--start-group,-lxil,-lgcc,-lc,--end-group -Wl,--start-group,-lxil,-llwip4,-lgcc,-lc,--end-group
'Finished building target: lwip_echo_server.elf'
' '
'Invoking: MicroBlaze Print Size'
mb-size lwip_echo_server.elf  |tee "lwip_echo_server.elf.size"
   text	   data	    bss	    dec	    hex	filename
 138546	   1612	 749050	 889208	  d9178	lwip_echo_server.elf
'Finished building: lwip_echo_server.elf.size'
' '
09:27:53 **** Auto Build of configuration Debug for project lwip_echo_server ****
make all 
'Building file: ../src/echo.c'
'Invoking: MicroBlaze gcc compiler'
mb-gcc -Wall -O0 -g3 -c -fmessage-length=0 -MT"src/echo.o" -I../../lwip_echo_server_bsp/microblaze_0/include -mlittle-endian -mcpu=v10.0 -mxl-soft-mul -Wl,--no-relax -ffunction-sections -fdata-sections -MMD -MP -MF"src/echo.d" -MT"src/echo.o" -o "src/echo.o" "../src/echo.c"
In file included from ../../lwip_echo_server_bsp/microblaze_0/include/lwip/arch.h:43,
                 from ../../lwip_echo_server_bsp/microblaze_0/include/lwip/debug.h:35,
                 from ../../lwip_echo_server_bsp/microblaze_0/include/lwip/opt.h:46,
                 from ../../lwip_echo_server_bsp/microblaze_0/include/lwip/err.h:35,
                 from ../src/echo.c:36:
../../lwip_echo_server_bsp/microblaze_0/include/arch/cc.h:66: warning: "BYTE_ORDER" redefined
 #define BYTE_ORDER LITTLE_ENDIAN
 
In file included from d:\xilinx\sdk\2019.1\gnu\microblaze\nt\microblaze-xilinx-elf\include\sys\types.h:67,
                 from d:\xilinx\sdk\2019.1\gnu\microblaze\nt\microblaze-xilinx-elf\include\stdio.h:61,
                 from ../src/echo.c:33:
d:\xilinx\sdk\2019.1\gnu\microblaze\nt\microblaze-xilinx-elf\include\machine\endian.h:20: note: this is the location of the previous definition
 #define BYTE_ORDER _BYTE_ORDER
 
../src/echo.c: In function 'recv_callback':
../src/echo.c:178:7: warning: unused variable 'echo_button' [-Wunused-variable]
  char echo_button[64]="PRESS WEST BUTTON";
       ^~~~~~~~~~~
../src/echo.c: In function 'check_button':
../src/echo.c:162:1: warning: control reaches end of non-void function [-Wreturn-type]
 };
 ^
'Finished building: ../src/echo.c'
' '
'Building target: lwip_echo_server.elf'
'Invoking: MicroBlaze gcc linker'
mb-gcc -Wl,-T -Wl,../src/lscript.ld -L../../lwip_echo_server_bsp/microblaze_0/lib -mlittle-endian -mcpu=v10.0 -mxl-soft-mul -Wl,--no-relax -Wl,--gc-sections -o "lwip_echo_server.elf"  ./src/echo.o ./src/i2c_access.o ./src/iic_phyreset.o ./src/main.o ./src/platform.o ./src/platform_mb.o ./src/platform_ppc.o ./src/platform_zynq.o ./src/platform_zynqmp.o ./src/sfp.o ./src/si5324.o   -Wl,--start-group,-lxil,-lgcc,-lc,--end-group -Wl,--start-group,-lxil,-llwip4,-lgcc,-lc,--end-group
'Finished building target: lwip_echo_server.elf'
' '
'Invoking: MicroBlaze Print Size'
mb-size lwip_echo_server.elf  |tee "lwip_echo_server.elf.size"
   text	   data	    bss	    dec	    hex	filename
 138546	   1612	 749050	 889208	  d9178	lwip_echo_server.elf
'Finished building: lwip_echo_server.elf.size'
' '
09:28:08 **** Auto Build of configuration Debug for project lwip_echo_server ****
make all 
'Building file: ../src/echo.c'
'Invoking: MicroBlaze gcc compiler'
mb-gcc -Wall -O0 -g3 -c -fmessage-length=0 -MT"src/echo.o" -I../../lwip_echo_server_bsp/microblaze_0/include -mlittle-endian -mcpu=v10.0 -mxl-soft-mul -Wl,--no-relax -ffunction-sections -fdata-sections -MMD -MP -MF"src/echo.d" -MT"src/echo.o" -o "src/echo.o" "../src/echo.c"
In file included from ../../lwip_echo_server_bsp/microblaze_0/include/lwip/arch.h:43,
                 from ../../lwip_echo_server_bsp/microblaze_0/include/lwip/debug.h:35,
                 from ../../lwip_echo_server_bsp/microblaze_0/include/lwip/opt.h:46,
                 from ../../lwip_echo_server_bsp/microblaze_0/include/lwip/err.h:35,
                 from ../src/echo.c:36:
../../lwip_echo_server_bsp/microblaze_0/include/arch/cc.h:66: warning: "BYTE_ORDER" redefined
 #define BYTE_ORDER LITTLE_ENDIAN
 
In file included from d:\xilinx\sdk\2019.1\gnu\microblaze\nt\microblaze-xilinx-elf\include\sys\types.h:67,
                 from d:\xilinx\sdk\2019.1\gnu\microblaze\nt\microblaze-xilinx-elf\include\stdio.h:61,
                 from ../src/echo.c:33:
d:\xilinx\sdk\2019.1\gnu\microblaze\nt\microblaze-xilinx-elf\include\machine\endian.h:20: note: this is the location of the previous definition
 #define BYTE_ORDER _BYTE_ORDER
 
../src/echo.c: In function 'recv_callback':
../src/echo.c:178:7: warning: unused variable 'echo_button' [-Wunused-variable]
  char echo_button[64]="PRESS WEST BUTTON";
       ^~~~~~~~~~~
../src/echo.c: In function 'check_button':
../src/echo.c:162:1: warning: control reaches end of non-void function [-Wreturn-type]
 };
 ^
'Finished building: ../src/echo.c'
' '
'Building target: lwip_echo_server.elf'
'Invoking: MicroBlaze gcc linker'
mb-gcc -Wl,-T -Wl,../src/lscript.ld -L../../lwip_echo_server_bsp/microblaze_0/lib -mlittle-endian -mcpu=v10.0 -mxl-soft-mul -Wl,--no-relax -Wl,--gc-sections -o "lwip_echo_server.elf"  ./src/echo.o ./src/i2c_access.o ./src/iic_phyreset.o ./src/main.o ./src/platform.o ./src/platform_mb.o ./src/platform_ppc.o ./src/platform_zynq.o ./src/platform_zynqmp.o ./src/sfp.o ./src/si5324.o   -Wl,--start-group,-lxil,-lgcc,-lc,--end-group -Wl,--start-group,-lxil,-llwip4,-lgcc,-lc,--end-group
'Finished building target: lwip_echo_server.elf'
' '
'Invoking: MicroBlaze Print Size'
mb-size lwip_echo_server.elf  |tee "lwip_echo_server.elf.size"
   text	   data	    bss	    dec	    hex	filename
 138546	   1612	 749050	 889208	  d9178	lwip_echo_server.elf
'Finished building: lwip_echo_server.elf.size'
' '
09:28:15 **** Incremental Build of configuration Debug for project lwip_echo_server ****
make all 
make: Nothing to be done for 'all'.
09:28:30 **** Incremental Build of configuration Debug for project lwip_echo_server ****
make all 
make: Nothing to be done for 'all'.
09:32:16 **** Auto Build of configuration Debug for project lwip_echo_server ****
make all 
'Building file: ../src/echo.c'
'Invoking: MicroBlaze gcc compiler'
mb-gcc -Wall -O0 -g3 -c -fmessage-length=0 -MT"src/echo.o" -I../../lwip_echo_server_bsp/microblaze_0/include -mlittle-endian -mcpu=v10.0 -mxl-soft-mul -Wl,--no-relax -ffunction-sections -fdata-sections -MMD -MP -MF"src/echo.d" -MT"src/echo.o" -o "src/echo.o" "../src/echo.c"
In file included from ../../lwip_echo_server_bsp/microblaze_0/include/lwip/arch.h:43,
                 from ../../lwip_echo_server_bsp/microblaze_0/include/lwip/debug.h:35,
                 from ../../lwip_echo_server_bsp/microblaze_0/include/lwip/opt.h:46,
                 from ../../lwip_echo_server_bsp/microblaze_0/include/lwip/err.h:35,
                 from ../src/echo.c:36:
../../lwip_echo_server_bsp/microblaze_0/include/arch/cc.h:66: warning: "BYTE_ORDER" redefined
 #define BYTE_ORDER LITTLE_ENDIAN
 
In file included from d:\xilinx\sdk\2019.1\gnu\microblaze\nt\microblaze-xilinx-elf\include\sys\types.h:67,
                 from d:\xilinx\sdk\2019.1\gnu\microblaze\nt\microblaze-xilinx-elf\include\stdio.h:61,
                 from ../src/echo.c:33:
d:\xilinx\sdk\2019.1\gnu\microblaze\nt\microblaze-xilinx-elf\include\machine\endian.h:20: note: this is the location of the previous definition
 #define BYTE_ORDER _BYTE_ORDER
 
../src/echo.c: In function 'recv_callback':
../src/echo.c:178:7: warning: unused variable 'echo_button' [-Wunused-variable]
  char echo_button[64]="PRESS WEST BUTTON";
       ^~~~~~~~~~~
../src/echo.c: In function 'check_button':
../src/echo.c:162:1: warning: control reaches end of non-void function [-Wreturn-type]
 };
 ^
'Finished building: ../src/echo.c'
' '
'Building target: lwip_echo_server.elf'
'Invoking: MicroBlaze gcc linker'
mb-gcc -Wl,-T -Wl,../src/lscript.ld -L../../lwip_echo_server_bsp/microblaze_0/lib -mlittle-endian -mcpu=v10.0 -mxl-soft-mul -Wl,--no-relax -Wl,--gc-sections -o "lwip_echo_server.elf"  ./src/echo.o ./src/i2c_access.o ./src/iic_phyreset.o ./src/main.o ./src/platform.o ./src/platform_mb.o ./src/platform_ppc.o ./src/platform_zynq.o ./src/platform_zynqmp.o ./src/sfp.o ./src/si5324.o   -Wl,--start-group,-lxil,-lgcc,-lc,--end-group -Wl,--start-group,-lxil,-llwip4,-lgcc,-lc,--end-group
'Finished building target: lwip_echo_server.elf'
' '
'Invoking: MicroBlaze Print Size'
mb-size lwip_echo_server.elf  |tee "lwip_echo_server.elf.size"
   text	   data	    bss	    dec	    hex	filename
 138538	   1612	 749050	 889200	  d9170	lwip_echo_server.elf
'Finished building: lwip_echo_server.elf.size'
' '
09:32:35 **** Incremental Build of configuration Debug for project lwip_echo_server ****
make all 
make: Nothing to be done for 'all'.
09:34:17 **** Auto Build of configuration Debug for project lwip_echo_server ****
make all 
'Building file: ../src/echo.c'
'Invoking: MicroBlaze gcc compiler'
mb-gcc -Wall -O0 -g3 -c -fmessage-length=0 -MT"src/echo.o" -I../../lwip_echo_server_bsp/microblaze_0/include -mlittle-endian -mcpu=v10.0 -mxl-soft-mul -Wl,--no-relax -ffunction-sections -fdata-sections -MMD -MP -MF"src/echo.d" -MT"src/echo.o" -o "src/echo.o" "../src/echo.c"
In file included from ../../lwip_echo_server_bsp/microblaze_0/include/lwip/arch.h:43,
                 from ../../lwip_echo_server_bsp/microblaze_0/include/lwip/debug.h:35,
                 from ../../lwip_echo_server_bsp/microblaze_0/include/lwip/opt.h:46,
                 from ../../lwip_echo_server_bsp/microblaze_0/include/lwip/err.h:35,
                 from ../src/echo.c:36:
../../lwip_echo_server_bsp/microblaze_0/include/arch/cc.h:66: warning: "BYTE_ORDER" redefined
 #define BYTE_ORDER LITTLE_ENDIAN
 
In file included from d:\xilinx\sdk\2019.1\gnu\microblaze\nt\microblaze-xilinx-elf\include\sys\types.h:67,
                 from d:\xilinx\sdk\2019.1\gnu\microblaze\nt\microblaze-xilinx-elf\include\stdio.h:61,
                 from ../src/echo.c:33:
d:\xilinx\sdk\2019.1\gnu\microblaze\nt\microblaze-xilinx-elf\include\machine\endian.h:20: note: this is the location of the previous definition
 #define BYTE_ORDER _BYTE_ORDER
 
../src/echo.c: In function 'recv_callback':
../src/echo.c:178:7: warning: unused variable 'echo_button' [-Wunused-variable]
  char echo_button[64]="PRESS WEST BUTTON";
       ^~~~~~~~~~~
../src/echo.c: In function 'check_button':
../src/echo.c:162:1: warning: control reaches end of non-void function [-Wreturn-type]
 };
 ^
'Finished building: ../src/echo.c'
' '
'Building target: lwip_echo_server.elf'
'Invoking: MicroBlaze gcc linker'
mb-gcc -Wl,-T -Wl,../src/lscript.ld -L../../lwip_echo_server_bsp/microblaze_0/lib -mlittle-endian -mcpu=v10.0 -mxl-soft-mul -Wl,--no-relax -Wl,--gc-sections -o "lwip_echo_server.elf"  ./src/echo.o ./src/i2c_access.o ./src/iic_phyreset.o ./src/main.o ./src/platform.o ./src/platform_mb.o ./src/platform_ppc.o ./src/platform_zynq.o ./src/platform_zynqmp.o ./src/sfp.o ./src/si5324.o   -Wl,--start-group,-lxil,-lgcc,-lc,--end-group -Wl,--start-group,-lxil,-llwip4,-lgcc,-lc,--end-group
'Finished building target: lwip_echo_server.elf'
' '
'Invoking: MicroBlaze Print Size'
mb-size lwip_echo_server.elf  |tee "lwip_echo_server.elf.size"
   text	   data	    bss	    dec	    hex	filename
 138538	   1612	 749050	 889200	  d9170	lwip_echo_server.elf
'Finished building: lwip_echo_server.elf.size'
' '
09:34:26 **** Incremental Build of configuration Debug for project lwip_echo_server ****
make all 
make: Nothing to be done for 'all'.
13:29:15 **** Build of project lwip_echo_server_bsp ****
make -k all 
"Running Make include in microblaze_0/libsrc/axidma_v9_4/src"
make -C microblaze_0/libsrc/axidma_v9_4/src -s include  "SHELL=CMD" "COMPILER=mb-gcc" "ARCHIVER=mb-ar" "COMPILER_FLAGS= -O2 -c -mcpu=v10.0 -mlittle-endian -mxl-soft-mul" "EXTRA_COMPILER_FLAGS=-ffunction-sections -fdata-sections -Wall -Wextra"
"Running Make include in microblaze_0/libsrc/axiethernet_v5_6/src"
make -C microblaze_0/libsrc/axiethernet_v5_6/src -s include  "SHELL=CMD" "COMPILER=mb-gcc" "ARCHIVER=mb-ar" "COMPILER_FLAGS= -O2 -c -mcpu=v10.0 -mlittle-endian -mxl-soft-mul" "EXTRA_COMPILER_FLAGS=-ffunction-sections -fdata-sections -Wall -Wextra"
"Running Make include in microblaze_0/libsrc/bram_v4_2/src"
make -C microblaze_0/libsrc/bram_v4_2/src -s include  "SHELL=CMD" "COMPILER=mb-gcc" "ARCHIVER=mb-ar" "COMPILER_FLAGS= -O2 -c -mcpu=v10.0 -mlittle-endian -mxl-soft-mul" "EXTRA_COMPILER_FLAGS=-ffunction-sections -fdata-sections -Wall -Wextra"
"Running Make include in microblaze_0/libsrc/cpu_v2_6/src"
make -C microblaze_0/libsrc/cpu_v2_6/src -s include  "SHELL=CMD" "COMPILER=mb-gcc" "ARCHIVER=mb-ar" "COMPILER_FLAGS= -O2 -c -mcpu=v10.0 -mlittle-endian -mxl-soft-mul" "EXTRA_COMPILER_FLAGS=-ffunction-sections -fdata-sections -Wall -Wextra"
"Running Make include in microblaze_0/libsrc/gpio_v4_3/src"
make -C microblaze_0/libsrc/gpio_v4_3/src -s include  "SHELL=CMD" "COMPILER=mb-gcc" "ARCHIVER=mb-ar" "COMPILER_FLAGS= -O2 -c -mcpu=v10.0 -mlittle-endian -mxl-soft-mul" "EXTRA_COMPILER_FLAGS=-ffunction-sections -fdata-sections -Wall -Wextra"
"Running Make include in microblaze_0/libsrc/iic_v3_4/src"
make -C microblaze_0/libsrc/iic_v3_4/src -s include  "SHELL=CMD" "COMPILER=mb-gcc" "ARCHIVER=mb-ar" "COMPILER_FLAGS= -O2 -c -mcpu=v10.0 -mlittle-endian -mxl-soft-mul" "EXTRA_COMPILER_FLAGS=-ffunction-sections -fdata-sections -Wall -Wextra"
"Running Make include in microblaze_0/libsrc/intc_v3_7/src"
make -C microblaze_0/libsrc/intc_v3_7/src -s include  "SHELL=CMD" "COMPILER=mb-gcc" "ARCHIVER=mb-ar" "COMPILER_FLAGS= -O2 -c -mcpu=v10.0 -mlittle-endian -mxl-soft-mul" "EXTRA_COMPILER_FLAGS=-ffunction-sections -fdata-sections -Wall -Wextra"
"Running Make include in microblaze_0/libsrc/lwip141_v1_9/src"
make -C microblaze_0/libsrc/lwip141_v1_9/src -s include  "SHELL=CMD" "COMPILER=mb-gcc" "ARCHIVER=mb-ar" "COMPILER_FLAGS= -O2 -c -mcpu=v10.0 -mlittle-endian -mxl-soft-mul" "EXTRA_COMPILER_FLAGS=-ffunction-sections -fdata-sections -Wall -Wextra"
"Running Make include in microblaze_0/libsrc/spi_v4_3/src"
make -C microblaze_0/libsrc/spi_v4_3/src -s include  "SHELL=CMD" "COMPILER=mb-gcc" "ARCHIVER=mb-ar" "COMPILER_FLAGS= -O2 -c -mcpu=v10.0 -mlittle-endian -mxl-soft-mul" "EXTRA_COMPILER_FLAGS=-ffunction-sections -fdata-sections -Wall -Wextra"
"Running Make include in microblaze_0/libsrc/standalone_v6_4/src"
make -C microblaze_0/libsrc/standalone_v6_4/src -s include  "SHELL=CMD" "COMPILER=mb-gcc" "ARCHIVER=mb-ar" "COMPILER_FLAGS= -O2 -c -mcpu=v10.0 -mlittle-endian -mxl-soft-mul" "EXTRA_COMPILER_FLAGS=-ffunction-sections -fdata-sections -Wall -Wextra"
"Running Make include in microblaze_0/libsrc/sysmon_v7_4/src"
make -C microblaze_0/libsrc/sysmon_v7_4/src -s include  "SHELL=CMD" "COMPILER=mb-gcc" "ARCHIVER=mb-ar" "COMPILER_FLAGS= -O2 -c -mcpu=v10.0 -mlittle-endian -mxl-soft-mul" "EXTRA_COMPILER_FLAGS=-ffunction-sections -fdata-sections -Wall -Wextra"
"Running Make include in microblaze_0/libsrc/tmrctr_v4_4/src"
make -C microblaze_0/libsrc/tmrctr_v4_4/src -s include  "SHELL=CMD" "COMPILER=mb-gcc" "ARCHIVER=mb-ar" "COMPILER_FLAGS= -O2 -c -mcpu=v10.0 -mlittle-endian -mxl-soft-mul" "EXTRA_COMPILER_FLAGS=-ffunction-sections -fdata-sections -Wall -Wextra"
"Running Make include in microblaze_0/libsrc/uartlite_v3_2/src"
make -C microblaze_0/libsrc/uartlite_v3_2/src -s include  "SHELL=CMD" "COMPILER=mb-gcc" "ARCHIVER=mb-ar" "COMPILER_FLAGS= -O2 -c -mcpu=v10.0 -mlittle-endian -mxl-soft-mul" "EXTRA_COMPILER_FLAGS=-ffunction-sections -fdata-sections -Wall -Wextra"
"Running Make include in microblaze_0/libsrc/uartns550_v3_5/src"
make -C microblaze_0/libsrc/uartns550_v3_5/src -s include  "SHELL=CMD" "COMPILER=mb-gcc" "ARCHIVER=mb-ar" "COMPILER_FLAGS= -O2 -c -mcpu=v10.0 -mlittle-endian -mxl-soft-mul" "EXTRA_COMPILER_FLAGS=-ffunction-sections -fdata-sections -Wall -Wextra"
"Running Make include in microblaze_0/libsrc/video_common_v4_2/src"
make -C microblaze_0/libsrc/video_common_v4_2/src -s include  "SHELL=CMD" "COMPILER=mb-gcc" "ARCHIVER=mb-ar" "COMPILER_FLAGS= -O2 -c -mcpu=v10.0 -mlittle-endian -mxl-soft-mul" "EXTRA_COMPILER_FLAGS=-ffunction-sections -fdata-sections -Wall -Wextra"
"Running Make include in microblaze_0/libsrc/v_tpg_v8_0/src"
make -C microblaze_0/libsrc/v_tpg_v8_0/src -s include  "SHELL=CMD" "COMPILER=mb-gcc" "ARCHIVER=mb-ar" "COMPILER_FLAGS= -O2 -c -mcpu=v10.0 -mlittle-endian -mxl-soft-mul" "EXTRA_COMPILER_FLAGS=-ffunction-sections -fdata-sections -Wall -Wextra"
"Running Make libs in microblaze_0/libsrc/axidma_v9_4/src"
make -C microblaze_0/libsrc/axidma_v9_4/src -s libs  "SHELL=CMD" "COMPILER=mb-gcc" "ARCHIVER=mb-ar" "COMPILER_FLAGS= -O2 -c -mcpu=v10.0 -mlittle-endian -mxl-soft-mul" "EXTRA_COMPILER_FLAGS=-ffunction-sections -fdata-sections -Wall -Wextra"
"Compiling axidma"
"Running Make libs in microblaze_0/libsrc/axiethernet_v5_6/src"
make -C microblaze_0/libsrc/axiethernet_v5_6/src -s libs  "SHELL=CMD" "COMPILER=mb-gcc" "ARCHIVER=mb-ar" "COMPILER_FLAGS= -O2 -c -mcpu=v10.0 -mlittle-endian -mxl-soft-mul" "EXTRA_COMPILER_FLAGS=-ffunction-sections -fdata-sections -Wall -Wextra"
"Compiling axiethernet"
"Running Make libs in microblaze_0/libsrc/bram_v4_2/src"
make -C microblaze_0/libsrc/bram_v4_2/src -s libs  "SHELL=CMD" "COMPILER=mb-gcc" "ARCHIVER=mb-ar" "COMPILER_FLAGS= -O2 -c -mcpu=v10.0 -mlittle-endian -mxl-soft-mul" "EXTRA_COMPILER_FLAGS=-ffunction-sections -fdata-sections -Wall -Wextra"
"Compiling bram"
"Running Make libs in microblaze_0/libsrc/cpu_v2_6/src"
make -C microblaze_0/libsrc/cpu_v2_6/src -s libs  "SHELL=CMD" "COMPILER=mb-gcc" "ARCHIVER=mb-ar" "COMPILER_FLAGS= -O2 -c -mcpu=v10.0 -mlittle-endian -mxl-soft-mul" "EXTRA_COMPILER_FLAGS=-ffunction-sections -fdata-sections -Wall -Wextra"
"Compiling cpu"
"Running Make libs in microblaze_0/libsrc/gpio_v4_3/src"
make -C microblaze_0/libsrc/gpio_v4_3/src -s libs  "SHELL=CMD" "COMPILER=mb-gcc" "ARCHIVER=mb-ar" "COMPILER_FLAGS= -O2 -c -mcpu=v10.0 -mlittle-endian -mxl-soft-mul" "EXTRA_COMPILER_FLAGS=-ffunction-sections -fdata-sections -Wall -Wextra"
"Compiling gpio"
"Running Make libs in microblaze_0/libsrc/iic_v3_4/src"
make -C microblaze_0/libsrc/iic_v3_4/src -s libs  "SHELL=CMD" "COMPILER=mb-gcc" "ARCHIVER=mb-ar" "COMPILER_FLAGS= -O2 -c -mcpu=v10.0 -mlittle-endian -mxl-soft-mul" "EXTRA_COMPILER_FLAGS=-ffunction-sections -fdata-sections -Wall -Wextra"
"Compiling iic"
"Running Make libs in microblaze_0/libsrc/intc_v3_7/src"
make -C microblaze_0/libsrc/intc_v3_7/src -s libs  "SHELL=CMD" "COMPILER=mb-gcc" "ARCHIVER=mb-ar" "COMPILER_FLAGS= -O2 -c -mcpu=v10.0 -mlittle-endian -mxl-soft-mul" "EXTRA_COMPILER_FLAGS=-ffunction-sections -fdata-sections -Wall -Wextra"
"Compiling intc"
"Running Make libs in microblaze_0/libsrc/lwip141_v1_9/src"
make -C microblaze_0/libsrc/lwip141_v1_9/src -s libs  "SHELL=CMD" "COMPILER=mb-gcc" "ARCHIVER=mb-ar" "COMPILER_FLAGS= -O2 -c -mcpu=v10.0 -mlittle-endian -mxl-soft-mul" "EXTRA_COMPILER_FLAGS=-ffunction-sections -fdata-sections -Wall -Wextra"
"Compiling lwip src and adapter files"
"Running Make libs in microblaze_0/libsrc/spi_v4_3/src"
make -C microblaze_0/libsrc/spi_v4_3/src -s libs  "SHELL=CMD" "COMPILER=mb-gcc" "ARCHIVER=mb-ar" "COMPILER_FLAGS= -O2 -c -mcpu=v10.0 -mlittle-endian -mxl-soft-mul" "EXTRA_COMPILER_FLAGS=-ffunction-sections -fdata-sections -Wall -Wextra"
"Compiling spi"
"Running Make libs in microblaze_0/libsrc/standalone_v6_4/src"
make -C microblaze_0/libsrc/standalone_v6_4/src -s libs  "SHELL=CMD" "COMPILER=mb-gcc" "ARCHIVER=mb-ar" "COMPILER_FLAGS= -O2 -c -mcpu=v10.0 -mlittle-endian -mxl-soft-mul" "EXTRA_COMPILER_FLAGS=-ffunction-sections -fdata-sections -Wall -Wextra"
"Compiling standalone";
"Running Make libs in microblaze_0/libsrc/sysmon_v7_4/src"
make -C microblaze_0/libsrc/sysmon_v7_4/src -s libs  "SHELL=CMD" "COMPILER=mb-gcc" "ARCHIVER=mb-ar" "COMPILER_FLAGS= -O2 -c -mcpu=v10.0 -mlittle-endian -mxl-soft-mul" "EXTRA_COMPILER_FLAGS=-ffunction-sections -fdata-sections -Wall -Wextra"
"Compiling sysmon"
"Running Make libs in microblaze_0/libsrc/tmrctr_v4_4/src"
make -C microblaze_0/libsrc/tmrctr_v4_4/src -s libs  "SHELL=CMD" "COMPILER=mb-gcc" "ARCHIVER=mb-ar" "COMPILER_FLAGS= -O2 -c -mcpu=v10.0 -mlittle-endian -mxl-soft-mul" "EXTRA_COMPILER_FLAGS=-ffunction-sections -fdata-sections -Wall -Wextra"
"Compiling tmrctr"
"Running Make libs in microblaze_0/libsrc/uartlite_v3_2/src"
make -C microblaze_0/libsrc/uartlite_v3_2/src -s libs  "SHELL=CMD" "COMPILER=mb-gcc" "ARCHIVER=mb-ar" "COMPILER_FLAGS= -O2 -c -mcpu=v10.0 -mlittle-endian -mxl-soft-mul" "EXTRA_COMPILER_FLAGS=-ffunction-sections -fdata-sections -Wall -Wextra"
"Compiling uartlite"
"Running Make libs in microblaze_0/libsrc/uartns550_v3_5/src"
make -C microblaze_0/libsrc/uartns550_v3_5/src -s libs  "SHELL=CMD" "COMPILER=mb-gcc" "ARCHIVER=mb-ar" "COMPILER_FLAGS= -O2 -c -mcpu=v10.0 -mlittle-endian -mxl-soft-mul" "EXTRA_COMPILER_FLAGS=-ffunction-sections -fdata-sections -Wall -Wextra"
"Compiling uartns550"
xuartns550_g.c:53:2: warning: missing initializer for field 'DefaultBaudRate' of 'XUartNs550_Config' {aka 'struct <anonymous>'} [-Wmissing-field-initializers]
  }
  ^
In file included from xuartns550_g.c:41:
xuartns550.h:323:6: note: 'DefaultBaudRate' declared here
  u32 DefaultBaudRate; /**< Baud Rate in bps, ie 1200 */
      ^~~~~~~~~~~~~~~
"Running Make libs in microblaze_0/libsrc/video_common_v4_2/src"
make -C microblaze_0/libsrc/video_common_v4_2/src -s libs  "SHELL=CMD" "COMPILER=mb-gcc" "ARCHIVER=mb-ar" "COMPILER_FLAGS= -O2 -c -mcpu=v10.0 -mlittle-endian -mxl-soft-mul" "EXTRA_COMPILER_FLAGS=-ffunction-sections -fdata-sections -Wall -Wextra"
"Compiling video_common"
"Running Make libs in microblaze_0/libsrc/v_tpg_v8_0/src"
make -C microblaze_0/libsrc/v_tpg_v8_0/src -s libs  "SHELL=CMD" "COMPILER=mb-gcc" "ARCHIVER=mb-ar" "COMPILER_FLAGS= -O2 -c -mcpu=v10.0 -mlittle-endian -mxl-soft-mul" "EXTRA_COMPILER_FLAGS=-ffunction-sections -fdata-sections -Wall -Wextra"
"Compiling v_tpg"
'Finished building libraries'
13:29:44 **** Build of configuration Debug for project lwip_echo_server ****
make all 
'Building file: ../src/echo.c'
'Invoking: MicroBlaze gcc compiler'
mb-gcc -Wall -O0 -g3 -c -fmessage-length=0 -MT"src/echo.o" -I../../lwip_echo_server_bsp/microblaze_0/include -mlittle-endian -mcpu=v10.0 -mxl-soft-mul -Wl,--no-relax -ffunction-sections -fdata-sections -MMD -MP -MF"src/echo.d" -MT"src/echo.o" -o "src/echo.o" "../src/echo.c"
In file included from ../../lwip_echo_server_bsp/microblaze_0/include/lwip/arch.h:43,
                 from ../../lwip_echo_server_bsp/microblaze_0/include/lwip/debug.h:35,
                 from ../../lwip_echo_server_bsp/microblaze_0/include/lwip/opt.h:46,
                 from ../../lwip_echo_server_bsp/microblaze_0/include/lwip/err.h:35,
                 from ../src/echo.c:36:
../../lwip_echo_server_bsp/microblaze_0/include/arch/cc.h:66: warning: "BYTE_ORDER" redefined
 #define BYTE_ORDER LITTLE_ENDIAN
 
In file included from d:\xilinx\sdk\2019.1\gnu\microblaze\nt\microblaze-xilinx-elf\include\sys\types.h:67,
                 from d:\xilinx\sdk\2019.1\gnu\microblaze\nt\microblaze-xilinx-elf\include\stdio.h:61,
                 from ../src/echo.c:33:
d:\xilinx\sdk\2019.1\gnu\microblaze\nt\microblaze-xilinx-elf\include\machine\endian.h:20: note: this is the location of the previous definition
 #define BYTE_ORDER _BYTE_ORDER
 
../src/echo.c: In function 'recv_callback':
../src/echo.c:178:7: warning: unused variable 'echo_button' [-Wunused-variable]
  char echo_button[64]="PRESS WEST BUTTON";
       ^~~~~~~~~~~
../src/echo.c: In function 'check_button':
../src/echo.c:162:1: warning: control reaches end of non-void function [-Wreturn-type]
 };
 ^
'Finished building: ../src/echo.c'
' '
'Building file: ../src/main.c'
'Invoking: MicroBlaze gcc compiler'
mb-gcc -Wall -O0 -g3 -c -fmessage-length=0 -MT"src/main.o" -I../../lwip_echo_server_bsp/microblaze_0/include -mlittle-endian -mcpu=v10.0 -mxl-soft-mul -Wl,--no-relax -ffunction-sections -fdata-sections -MMD -MP -MF"src/main.d" -MT"src/main.o" -o "src/main.o" "../src/main.c"
In file included from ../../lwip_echo_server_bsp/microblaze_0/include/lwip/arch.h:43,
                 from ../../lwip_echo_server_bsp/microblaze_0/include/lwip/debug.h:35,
                 from ../../lwip_echo_server_bsp/microblaze_0/include/lwip/opt.h:46,
                 from ../../lwip_echo_server_bsp/microblaze_0/include/lwip/netif.h:35,
                 from ../../lwip_echo_server_bsp/microblaze_0/include/netif/xadapter.h:49,
                 from ../src/main.c:37:
../../lwip_echo_server_bsp/microblaze_0/include/arch/cc.h:66: warning: "BYTE_ORDER" redefined
 #define BYTE_ORDER LITTLE_ENDIAN
 
In file included from d:\xilinx\sdk\2019.1\gnu\microblaze\nt\microblaze-xilinx-elf\include\sys\types.h:67,
                 from d:\xilinx\sdk\2019.1\gnu\microblaze\nt\microblaze-xilinx-elf\include\stdio.h:61,
                 from ../src/main.c:33:
d:\xilinx\sdk\2019.1\gnu\microblaze\nt\microblaze-xilinx-elf\include\machine\endian.h:20: note: this is the location of the previous definition
 #define BYTE_ORDER _BYTE_ORDER
 
../src/main.c: In function 'main':
../src/main.c:127:2: warning: implicit declaration of function 'ini_led' [-Wimplicit-function-declaration]
  ini_led();
  ^~~~~~~
'Finished building: ../src/main.c'
' '
'Building file: ../src/platform.c'
'Invoking: MicroBlaze gcc compiler'
mb-gcc -Wall -O0 -g3 -c -fmessage-length=0 -MT"src/platform.o" -I../../lwip_echo_server_bsp/microblaze_0/include -mlittle-endian -mcpu=v10.0 -mxl-soft-mul -Wl,--no-relax -ffunction-sections -fdata-sections -MMD -MP -MF"src/platform.d" -MT"src/platform.o" -o "src/platform.o" "../src/platform.c"
In file included from ../src/platform.c:33:
../../lwip_echo_server_bsp/microblaze_0/include/arch/cc.h:66: warning: "BYTE_ORDER" redefined
 #define BYTE_ORDER LITTLE_ENDIAN
 
In file included from d:\xilinx\sdk\2019.1\gnu\microblaze\nt\microblaze-xilinx-elf\include\sys\types.h:67,
                 from d:\xilinx\sdk\2019.1\gnu\microblaze\nt\microblaze-xilinx-elf\include\stdio.h:61,
                 from ../../lwip_echo_server_bsp/microblaze_0/include/arch/cc.h:55,
                 from ../src/platform.c:33:
d:\xilinx\sdk\2019.1\gnu\microblaze\nt\microblaze-xilinx-elf\include\machine\endian.h:20: note: this is the location of the previous definition
 #define BYTE_ORDER _BYTE_ORDER
 
'Finished building: ../src/platform.c'
' '
'Building file: ../src/platform_mb.c'
'Invoking: MicroBlaze gcc compiler'
mb-gcc -Wall -O0 -g3 -c -fmessage-length=0 -MT"src/platform_mb.o" -I../../lwip_echo_server_bsp/microblaze_0/include -mlittle-endian -mcpu=v10.0 -mxl-soft-mul -Wl,--no-relax -ffunction-sections -fdata-sections -MMD -MP -MF"src/platform_mb.d" -MT"src/platform_mb.o" -o "src/platform_mb.o" "../src/platform_mb.c"
'Finished building: ../src/platform_mb.c'
' '
'Building target: lwip_echo_server.elf'
'Invoking: MicroBlaze gcc linker'
mb-gcc -Wl,-T -Wl,../src/lscript.ld -L../../lwip_echo_server_bsp/microblaze_0/lib -mlittle-endian -mcpu=v10.0 -mxl-soft-mul -Wl,--no-relax -Wl,--gc-sections -o "lwip_echo_server.elf"  ./src/echo.o ./src/i2c_access.o ./src/iic_phyreset.o ./src/main.o ./src/platform.o ./src/platform_mb.o ./src/platform_ppc.o ./src/platform_zynq.o ./src/platform_zynqmp.o ./src/sfp.o ./src/si5324.o   -Wl,--start-group,-lxil,-lgcc,-lc,--end-group -Wl,--start-group,-lxil,-llwip4,-lgcc,-lc,--end-group
d:/xilinx/sdk/2019.1/gnu/microblaze/nt/bin/../lib/gcc/microblaze-xilinx-elf/8.2.0/../../../../microblaze-xilinx-elf/bin/ld.exe: ../../lwip_echo_server_bsp/microblaze_0/lib\libxil.a(xil_printf.o): in function `getnum':
(.text.getnum+0x24): undefined reference to `__locale_ctype_ptr'
d:/xilinx/sdk/2019.1/gnu/microblaze/nt/bin/../lib/gcc/microblaze-xilinx-elf/8.2.0/../../../../microblaze-xilinx-elf/bin/ld.exe: (.text.getnum+0x74): undefined reference to `__locale_ctype_ptr'
d:/xilinx/sdk/2019.1/gnu/microblaze/nt/bin/../lib/gcc/microblaze-xilinx-elf/8.2.0/../../../../microblaze-xilinx-elf/bin/ld.exe: (.text.getnum+0x80): undefined reference to `__locale_ctype_ptr'
d:/xilinx/sdk/2019.1/gnu/microblaze/nt/bin/../lib/gcc/microblaze-xilinx-elf/8.2.0/../../../../microblaze-xilinx-elf/bin/ld.exe: (.text.getnum+0xd4): undefined reference to `__locale_ctype_ptr'
d:/xilinx/sdk/2019.1/gnu/microblaze/nt/bin/../lib/gcc/microblaze-xilinx-elf/8.2.0/../../../../microblaze-xilinx-elf/bin/ld.exe: ../../lwip_echo_server_bsp/microblaze_0/lib\libxil.a(xil_printf.o): in function `xil_printf':
(.text.xil_printf+0x114): undefined reference to `__locale_ctype_ptr'
[...]
make all 
'Building file: ../src/echo.c'
'Invoking: MicroBlaze gcc compiler'
mb-gcc -Wall -O0 -g3 -c -fmessage-length=0 -MT"src/echo.o" -I../../tup_sever_bsp/microblaze_0/include -mlittle-endian -mcpu=v10.0 -mxl-soft-mul -Wl,--no-relax -ffunction-sections -fdata-sections -MMD -MP -MF"src/echo.d" -MT"src/echo.o" -o "src/echo.o" "../src/echo.c"
../src/echo.c: In function 'recv_callback':
../src/echo.c:178:7: warning: unused variable 'echo_button' [-Wunused-variable]
  char echo_button[64]="PRESS WEST BUTTON";
       ^~~~~~~~~~~
../src/echo.c: In function 'check_button':
../src/echo.c:162:1: warning: control reaches end of non-void function [-Wreturn-type]
 };
 ^
'Finished building: ../src/echo.c'
' '
'Building target: tup_sever.elf'
'Invoking: MicroBlaze gcc linker'
mb-gcc -Wl,-T -Wl,../src/lscript.ld -L../../tup_sever_bsp/microblaze_0/lib -mlittle-endian -mcpu=v10.0 -mxl-soft-mul -Wl,--no-relax -Wl,--gc-sections -o "tup_sever.elf"  ./src/echo.o ./src/i2c_access.o ./src/iic_phyreset.o ./src/main.o ./src/platform.o ./src/platform_mb.o ./src/platform_ppc.o ./src/platform_zynq.o ./src/platform_zynqmp.o ./src/sfp.o ./src/si5324.o   -Wl,--start-group,-lxil,-lgcc,-lc,--end-group -Wl,--start-group,-lxil,-llwip4,-lgcc,-lc,--end-group
'Finished building target: tup_sever.elf'
' '
'Invoking: MicroBlaze Print Size'
mb-size tup_sever.elf  |tee "tup_sever.elf.size"
   text	   data	    bss	    dec	    hex	filename
 144130	   1980	3960746	4106856	 3eaa68	tup_sever.elf
'Finished building: tup_sever.elf.size'
' '
14:01:02 **** Auto Build of configuration Debug for project tup_sever ****
make all 
'Building file: ../src/echo.c'
'Invoking: MicroBlaze gcc compiler'
mb-gcc -Wall -O0 -g3 -c -fmessage-length=0 -MT"src/echo.o" -I../../tup_sever_bsp/microblaze_0/include -mlittle-endian -mcpu=v10.0 -mxl-soft-mul -Wl,--no-relax -ffunction-sections -fdata-sections -MMD -MP -MF"src/echo.d" -MT"src/echo.o" -o "src/echo.o" "../src/echo.c"
../src/echo.c: In function 'recv_callback':
../src/echo.c:180:7: warning: unused variable 'echo_button' [-Wunused-variable]
  char echo_button[64]="PRESS WEST BUTTON";
       ^~~~~~~~~~~
../src/echo.c: In function 'check_button':
../src/echo.c:162:1: warning: control reaches end of non-void function [-Wreturn-type]
 };
 ^
'Finished building: ../src/echo.c'
' '
'Building target: tup_sever.elf'
'Invoking: MicroBlaze gcc linker'
mb-gcc -Wl,-T -Wl,../src/lscript.ld -L../../tup_sever_bsp/microblaze_0/lib -mlittle-endian -mcpu=v10.0 -mxl-soft-mul -Wl,--no-relax -Wl,--gc-sections -o "tup_sever.elf"  ./src/echo.o ./src/i2c_access.o ./src/iic_phyreset.o ./src/main.o ./src/platform.o ./src/platform_mb.o ./src/platform_ppc.o ./src/platform_zynq.o ./src/platform_zynqmp.o ./src/sfp.o ./src/si5324.o   -Wl,--start-group,-lxil,-lgcc,-lc,--end-group -Wl,--start-group,-lxil,-llwip4,-lgcc,-lc,--end-group
'Finished building target: tup_sever.elf'
' '
'Invoking: MicroBlaze Print Size'
mb-size tup_sever.elf  |tee "tup_sever.elf.size"
   text	   data	    bss	    dec	    hex	filename
 144178	   1980	3960746	4106904	 3eaa98	tup_sever.elf
'Finished building: tup_sever.elf.size'
' '
14:01:53 **** Auto Build of configuration Debug for project tup_sever ****
make all 
'Building file: ../src/main.c'
'Invoking: MicroBlaze gcc compiler'
mb-gcc -Wall -O0 -g3 -c -fmessage-length=0 -MT"src/main.o" -I../../tup_sever_bsp/microblaze_0/include -mlittle-endian -mcpu=v10.0 -mxl-soft-mul -Wl,--no-relax -ffunction-sections -fdata-sections -MMD -MP -MF"src/main.d" -MT"src/main.o" -o "src/main.o" "../src/main.c"
../src/main.c: In function 'main':
../src/main.c:166:2: warning: implicit declaration of function 'ini_led' [-Wimplicit-function-declaration]
  ini_led();
  ^~~~~~~
'Finished building: ../src/main.c'
' '
'Building target: tup_sever.elf'
'Invoking: MicroBlaze gcc linker'
mb-gcc -Wl,-T -Wl,../src/lscript.ld -L../../tup_sever_bsp/microblaze_0/lib -mlittle-endian -mcpu=v10.0 -mxl-soft-mul -Wl,--no-relax -Wl,--gc-sections -o "tup_sever.elf"  ./src/echo.o ./src/i2c_access.o ./src/iic_phyreset.o ./src/main.o ./src/platform.o ./src/platform_mb.o ./src/platform_ppc.o ./src/platform_zynq.o ./src/platform_zynqmp.o ./src/sfp.o ./src/si5324.o   -Wl,--start-group,-lxil,-lgcc,-lc,--end-group -Wl,--start-group,-lxil,-llwip4,-lgcc,-lc,--end-group
'Finished building target: tup_sever.elf'
' '
'Invoking: MicroBlaze Print Size'
mb-size tup_sever.elf  |tee "tup_sever.elf.size"
   text	   data	    bss	    dec	    hex	filename
 144178	   1980	3960746	4106904	 3eaa98	tup_sever.elf
'Finished building: tup_sever.elf.size'
' '
14:04:00 **** Auto Build of configuration Debug for project tup_sever ****
make all 
'Building file: ../src/echo.c'
'Invoking: MicroBlaze gcc compiler'
mb-gcc -Wall -O0 -g3 -c -fmessage-length=0 -MT"src/echo.o" -I../../tup_sever_bsp/microblaze_0/include -mlittle-endian -mcpu=v10.0 -mxl-soft-mul -Wl,--no-relax -ffunction-sections -fdata-sections -MMD -MP -MF"src/echo.d" -MT"src/echo.o" -o "src/echo.o" "../src/echo.c"
../src/echo.c: In function 'recv_callback':
../src/echo.c:179:7: warning: unused variable 'echo_button' [-Wunused-variable]
  char echo_button[64]="PRESS WEST BUTTON";
       ^~~~~~~~~~~
../src/echo.c: In function 'check_button':
../src/echo.c:161:1: warning: control reaches end of non-void function [-Wreturn-type]
 };
 ^
'Finished building: ../src/echo.c'
' '
'Building target: tup_sever.elf'
'Invoking: MicroBlaze gcc linker'
mb-gcc -Wl,-T -Wl,../src/lscript.ld -L../../tup_sever_bsp/microblaze_0/lib -mlittle-endian -mcpu=v10.0 -mxl-soft-mul -Wl,--no-relax -Wl,--gc-sections -o "tup_sever.elf"  ./src/echo.o ./src/i2c_access.o ./src/iic_phyreset.o ./src/main.o ./src/platform.o ./src/platform_mb.o ./src/platform_ppc.o ./src/platform_zynq.o ./src/platform_zynqmp.o ./src/sfp.o ./src/si5324.o   -Wl,--start-group,-lxil,-lgcc,-lc,--end-group -Wl,--start-group,-lxil,-llwip4,-lgcc,-lc,--end-group
'Finished building target: tup_sever.elf'
' '
'Invoking: MicroBlaze Print Size'
mb-size tup_sever.elf  |tee "tup_sever.elf.size"
   text	   data	    bss	    dec	    hex	filename
 144134	   1980	3960742	4106856	 3eaa68	tup_sever.elf
'Finished building: tup_sever.elf.size'
' '
14:05:13 **** Auto Build of configuration Debug for project tup_sever ****
make all 
'Building file: ../src/echo.c'
'Invoking: MicroBlaze gcc compiler'
mb-gcc -Wall -O0 -g3 -c -fmessage-length=0 -MT"src/echo.o" -I../../tup_sever_bsp/microblaze_0/include -mlittle-endian -mcpu=v10.0 -mxl-soft-mul -Wl,--no-relax -ffunction-sections -fdata-sections -MMD -MP -MF"src/echo.d" -MT"src/echo.o" -o "src/echo.o" "../src/echo.c"
../src/echo.c: In function 'recv_callback':
../src/echo.c:179:7: warning: unused variable 'echo_button' [-Wunused-variable]
  char echo_button[64]="PRESS WEST BUTTON";
       ^~~~~~~~~~~
../src/echo.c: In function 'check_button':
../src/echo.c:161:1: warning: control reaches end of non-void function [-Wreturn-type]
 };
 ^
'Finished building: ../src/echo.c'
' '
'Building target: tup_sever.elf'
'Invoking: MicroBlaze gcc linker'
mb-gcc -Wl,-T -Wl,../src/lscript.ld -L../../tup_sever_bsp/microblaze_0/lib -mlittle-endian -mcpu=v10.0 -mxl-soft-mul -Wl,--no-relax -Wl,--gc-sections -o "tup_sever.elf"  ./src/echo.o ./src/i2c_access.o ./src/iic_phyreset.o ./src/main.o ./src/platform.o ./src/platform_mb.o ./src/platform_ppc.o ./src/platform_zynq.o ./src/platform_zynqmp.o ./src/sfp.o ./src/si5324.o   -Wl,--start-group,-lxil,-lgcc,-lc,--end-group -Wl,--start-group,-lxil,-llwip4,-lgcc,-lc,--end-group
'Finished building target: tup_sever.elf'
' '
'Invoking: MicroBlaze Print Size'
mb-size tup_sever.elf  |tee "tup_sever.elf.size"
   text	   data	    bss	    dec	    hex	filename
 144258	   1980	3960746	4106984	 3eaae8	tup_sever.elf
'Finished building: tup_sever.elf.size'
' '
14:06:11 **** Auto Build of configuration Debug for project tup_sever ****
make all 
'Building file: ../src/echo.c'
'Invoking: MicroBlaze gcc compiler'
mb-gcc -Wall -O0 -g3 -c -fmessage-length=0 -MT"src/echo.o" -I../../tup_sever_bsp/microblaze_0/include -mlittle-endian -mcpu=v10.0 -mxl-soft-mul -Wl,--no-relax -ffunction-sections -fdata-sections -MMD -MP -MF"src/echo.d" -MT"src/echo.o" -o "src/echo.o" "../src/echo.c"
../src/echo.c: In function 'recv_callback':
../src/echo.c:179:7: warning: unused variable 'echo_button' [-Wunused-variable]
  char echo_button[64]="PRESS WEST BUTTON";
       ^~~~~~~~~~~
../src/echo.c: In function 'check_button':
../src/echo.c:161:1: warning: control reaches end of non-void function [-Wreturn-type]
 };
 ^
'Finished building: ../src/echo.c'
' '
'Building target: tup_sever.elf'
'Invoking: MicroBlaze gcc linker'
mb-gcc -Wl,-T -Wl,../src/lscript.ld -L../../tup_sever_bsp/microblaze_0/lib -mlittle-endian -mcpu=v10.0 -mxl-soft-mul -Wl,--no-relax -Wl,--gc-sections -o "tup_sever.elf"  ./src/echo.o ./src/i2c_access.o ./src/iic_phyreset.o ./src/main.o ./src/platform.o ./src/platform_mb.o ./src/platform_ppc.o ./src/platform_zynq.o ./src/platform_zynqmp.o ./src/sfp.o ./src/si5324.o   -Wl,--start-group,-lxil,-lgcc,-lc,--end-group -Wl,--start-group,-lxil,-llwip4,-lgcc,-lc,--end-group
'Finished building target: tup_sever.elf'
' '
'Invoking: MicroBlaze Print Size'
mb-size tup_sever.elf  |tee "tup_sever.elf.size"
   text	   data	    bss	    dec	    hex	filename
 144254	   1980	3960742	4106976	 3eaae0	tup_sever.elf
'Finished building: tup_sever.elf.size'
' '
14:06:24 **** Auto Build of configuration Debug for project tup_sever ****
make all 
'Building file: ../src/main.c'
'Invoking: MicroBlaze gcc compiler'
mb-gcc -Wall -O0 -g3 -c -fmessage-length=0 -MT"src/main.o" -I../../tup_sever_bsp/microblaze_0/include -mlittle-endian -mcpu=v10.0 -mxl-soft-mul -Wl,--no-relax -ffunction-sections -fdata-sections -MMD -MP -MF"src/main.d" -MT"src/main.o" -o "src/main.o" "../src/main.c"
../src/main.c: In function 'main':
../src/main.c:151:2: warning: implicit declaration of function 'ini_led' [-Wimplicit-function-declaration]
  ini_led();
  ^~~~~~~
'Finished building: ../src/main.c'
' '
'Building target: tup_sever.elf'
'Invoking: MicroBlaze gcc linker'
mb-gcc -Wl,-T -Wl,../src/lscript.ld -L../../tup_sever_bsp/microblaze_0/lib -mlittle-endian -mcpu=v10.0 -mxl-soft-mul -Wl,--no-relax -Wl,--gc-sections -o "tup_sever.elf"  ./src/echo.o ./src/i2c_access.o ./src/iic_phyreset.o ./src/main.o ./src/platform.o ./src/platform_mb.o ./src/platform_ppc.o ./src/platform_zynq.o ./src/platform_zynqmp.o ./src/sfp.o ./src/si5324.o   -Wl,--start-group,-lxil,-lgcc,-lc,--end-group -Wl,--start-group,-lxil,-llwip4,-lgcc,-lc,--end-group
'Finished building target: tup_sever.elf'
' '
'Invoking: MicroBlaze Print Size'
mb-size tup_sever.elf  |tee "tup_sever.elf.size"
   text	   data	    bss	    dec	    hex	filename
 144254	   1980	3960742	4106976	 3eaae0	tup_sever.elf
'Finished building: tup_sever.elf.size'
' '
14:07:30 **** Auto Build of configuration Debug for project tup_sever ****
make all 
'Building file: ../src/echo.c'
'Invoking: MicroBlaze gcc compiler'
mb-gcc -Wall -O0 -g3 -c -fmessage-length=0 -MT"src/echo.o" -I../../tup_sever_bsp/microblaze_0/include -mlittle-endian -mcpu=v10.0 -mxl-soft-mul -Wl,--no-relax -ffunction-sections -fdata-sections -MMD -MP -MF"src/echo.d" -MT"src/echo.o" -o "src/echo.o" "../src/echo.c"
../src/echo.c: In function 'recv_callback':
../src/echo.c:179:7: warning: unused variable 'echo_button' [-Wunused-variable]
  char echo_button[64]="PRESS WEST BUTTON";
       ^~~~~~~~~~~
../src/echo.c: In function 'check_button':
../src/echo.c:161:1: warning: control reaches end of non-void function [-Wreturn-type]
 };
 ^
'Finished building: ../src/echo.c'
' '
'Building target: tup_sever.elf'
'Invoking: MicroBlaze gcc linker'
mb-gcc -Wl,-T -Wl,../src/lscript.ld -L../../tup_sever_bsp/microblaze_0/lib -mlittle-endian -mcpu=v10.0 -mxl-soft-mul -Wl,--no-relax -Wl,--gc-sections -o "tup_sever.elf"  ./src/echo.o ./src/i2c_access.o ./src/iic_phyreset.o ./src/main.o ./src/platform.o ./src/platform_mb.o ./src/platform_ppc.o ./src/platform_zynq.o ./src/platform_zynqmp.o ./src/sfp.o ./src/si5324.o   -Wl,--start-group,-lxil,-lgcc,-lc,--end-group -Wl,--start-group,-lxil,-llwip4,-lgcc,-lc,--end-group
'Finished building target: tup_sever.elf'
' '
'Invoking: MicroBlaze Print Size'
mb-size tup_sever.elf  |tee "tup_sever.elf.size"
   text	   data	    bss	    dec	    hex	filename
 144250	   1980	3960746	4106976	 3eaae0	tup_sever.elf
'Finished building: tup_sever.elf.size'
' '
14:08:18 **** Auto Build of configuration Debug for project tup_sever ****
make all 
'Building file: ../src/echo.c'
'Invoking: MicroBlaze gcc compiler'
mb-gcc -Wall -O0 -g3 -c -fmessage-length=0 -MT"src/echo.o" -I../../tup_sever_bsp/microblaze_0/include -mlittle-endian -mcpu=v10.0 -mxl-soft-mul -Wl,--no-relax -ffunction-sections -fdata-sections -MMD -MP -MF"src/echo.d" -MT"src/echo.o" -o "src/echo.o" "../src/echo.c"
../src/echo.c: In function 'recv_callback':
../src/echo.c:179:7: warning: unused variable 'echo_button' [-Wunused-variable]
  char echo_button[64]="PRESS WEST BUTTON";
       ^~~~~~~~~~~
../src/echo.c: In function 'check_button':
../src/echo.c:161:1: warning: control reaches end of non-void function [-Wreturn-type]
 };
 ^
'Finished building: ../src/echo.c'
' '
'Building target: tup_sever.elf'
'Invoking: MicroBlaze gcc linker'
mb-gcc -Wl,-T -Wl,../src/lscript.ld -L../../tup_sever_bsp/microblaze_0/lib -mlittle-endian -mcpu=v10.0 -mxl-soft-mul -Wl,--no-relax -Wl,--gc-sections -o "tup_sever.elf"  ./src/echo.o ./src/i2c_access.o ./src/iic_phyreset.o ./src/main.o ./src/platform.o ./src/platform_mb.o ./src/platform_ppc.o ./src/platform_zynq.o ./src/platform_zynqmp.o ./src/sfp.o ./src/si5324.o   -Wl,--start-group,-lxil,-lgcc,-lc,--end-group -Wl,--start-group,-lxil,-llwip4,-lgcc,-lc,--end-group
'Finished building target: tup_sever.elf'
' '
'Invoking: MicroBlaze Print Size'
mb-size tup_sever.elf  |tee "tup_sever.elf.size"
   text	   data	    bss	    dec	    hex	filename
 144254	   1980	3960742	4106976	 3eaae0	tup_sever.elf
'Finished building: tup_sever.elf.size'
' '
14:08:50 **** Auto Build of configuration Debug for project tup_sever ****
make all 
'Building file: ../src/echo.c'
'Invoking: MicroBlaze gcc compiler'
mb-gcc -Wall -O0 -g3 -c -fmessage-length=0 -MT"src/echo.o" -I../../tup_sever_bsp/microblaze_0/include -mlittle-endian -mcpu=v10.0 -mxl-soft-mul -Wl,--no-relax -ffunction-sections -fdata-sections -MMD -MP -MF"src/echo.d" -MT"src/echo.o" -o "src/echo.o" "../src/echo.c"
../src/echo.c: In function 'recv_callback':
../src/echo.c:179:7: warning: unused variable 'echo_button' [-Wunused-variable]
  char echo_button[64]="PRESS WEST BUTTON";
       ^~~~~~~~~~~
../src/echo.c: In function 'check_button':
../src/echo.c:161:1: warning: control reaches end of non-void function [-Wreturn-type]
 };
 ^
'Finished building: ../src/echo.c'
' '
'Building target: tup_sever.elf'
'Invoking: MicroBlaze gcc linker'
mb-gcc -Wl,-T -Wl,../src/lscript.ld -L../../tup_sever_bsp/microblaze_0/lib -mlittle-endian -mcpu=v10.0 -mxl-soft-mul -Wl,--no-relax -Wl,--gc-sections -o "tup_sever.elf"  ./src/echo.o ./src/i2c_access.o ./src/iic_phyreset.o ./src/main.o ./src/platform.o ./src/platform_mb.o ./src/platform_ppc.o ./src/platform_zynq.o ./src/platform_zynqmp.o ./src/sfp.o ./src/si5324.o   -Wl,--start-group,-lxil,-lgcc,-lc,--end-group -Wl,--start-group,-lxil,-llwip4,-lgcc,-lc,--end-group
'Finished building target: tup_sever.elf'
' '
'Invoking: MicroBlaze Print Size'
mb-size tup_sever.elf  |tee "tup_sever.elf.size"
   text	   data	    bss	    dec	    hex	filename
 144250	   1980	3960746	4106976	 3eaae0	tup_sever.elf
'Finished building: tup_sever.elf.size'
' '
14:09:41 **** Auto Build of configuration Debug for project tup_sever ****
make all 
'Building file: ../src/echo.c'
'Invoking: MicroBlaze gcc compiler'
mb-gcc -Wall -O0 -g3 -c -fmessage-length=0 -MT"src/echo.o" -I../../tup_sever_bsp/microblaze_0/include -mlittle-endian -mcpu=v10.0 -mxl-soft-mul -Wl,--no-relax -ffunction-sections -fdata-sections -MMD -MP -MF"src/echo.d" -MT"src/echo.o" -o "src/echo.o" "../src/echo.c"
../src/echo.c: In function 'recv_callback':
../src/echo.c:179:7: warning: unused variable 'echo_button' [-Wunused-variable]
  char echo_button[64]="PRESS WEST BUTTON";
       ^~~~~~~~~~~
../src/echo.c: In function 'check_button':
../src/echo.c:161:1: warning: control reaches end of non-void function [-Wreturn-type]
 };
 ^
'Finished building: ../src/echo.c'
' '
'Building target: tup_sever.elf'
'Invoking: MicroBlaze gcc linker'
mb-gcc -Wl,-T -Wl,../src/lscript.ld -L../../tup_sever_bsp/microblaze_0/lib -mlittle-endian -mcpu=v10.0 -mxl-soft-mul -Wl,--no-relax -Wl,--gc-sections -o "tup_sever.elf"  ./src/echo.o ./src/i2c_access.o ./src/iic_phyreset.o ./src/main.o ./src/platform.o ./src/platform_mb.o ./src/platform_ppc.o ./src/platform_zynq.o ./src/platform_zynqmp.o ./src/sfp.o ./src/si5324.o   -Wl,--start-group,-lxil,-lgcc,-lc,--end-group -Wl,--start-group,-lxil,-llwip4,-lgcc,-lc,--end-group
'Finished building target: tup_sever.elf'
' '
'Invoking: MicroBlaze Print Size'
mb-size tup_sever.elf  |tee "tup_sever.elf.size"
   text	   data	    bss	    dec	    hex	filename
 144258	   1980	3960746	4106984	 3eaae8	tup_sever.elf
'Finished building: tup_sever.elf.size'
' '
14:21:46 **** Auto Build of configuration Debug for project tup_sever ****
make all 
'Building file: ../src/echo.c'
'Invoking: MicroBlaze gcc compiler'
mb-gcc -Wall -O0 -g3 -c -fmessage-length=0 -MT"src/echo.o" -I../../tup_sever_bsp/microblaze_0/include -mlittle-endian -mcpu=v10.0 -mxl-soft-mul -Wl,--no-relax -ffunction-sections -fdata-sections -MMD -MP -MF"src/echo.d" -MT"src/echo.o" -o "src/echo.o" "../src/echo.c"
../src/echo.c: In function 'recv_callback':
../src/echo.c:220:16: error: 'XPAR_BRAM_0_BASEADDR' undeclared (first use in this function); did you mean 'XPAR_BRAM_2_BASEADDR'?
   for (MyAdr = XPAR_BRAM_0_BASEADDR; MyAdr < XPAR_BRAM_0_BASEADDR + 64; MyAdr += 4) {
                ^~~~~~~~~~~~~~~~~~~~
                XPAR_BRAM_2_BASEADDR
../src/echo.c:220:16: note: each undeclared identifier is reported only once for each function it appears in
../src/echo.c:180:7: warning: unused variable 'echo_button' [-Wunused-variable]
  char echo_button[64]="PRESS WEST BUTTON";
       ^~~~~~~~~~~
../src/echo.c: In function 'check_button':
../src/echo.c:162:1: warning: control reaches end of non-void function [-Wreturn-type]
 };
 ^
make: *** [src/subdir.mk:53: src/echo.o] Error 1
14:22:53 **** Auto Build of configuration Debug for project tup_sever ****
make all 
'Building file: ../src/echo.c'
'Invoking: MicroBlaze gcc compiler'
mb-gcc -Wall -O0 -g3 -c -fmessage-length=0 -MT"src/echo.o" -I../../tup_sever_bsp/microblaze_0/include -mlittle-endian -mcpu=v10.0 -mxl-soft-mul -Wl,--no-relax -ffunction-sections -fdata-sections -MMD -MP -MF"src/echo.d" -MT"src/echo.o" -o "src/echo.o" "../src/echo.c"
../src/echo.c: In function 'recv_callback':
../src/echo.c:180:7: warning: unused variable 'echo_button' [-Wunused-variable]
  char echo_button[64]="PRESS WEST BUTTON";
       ^~~~~~~~~~~
../src/echo.c: In function 'check_button':
../src/echo.c:162:1: warning: control reaches end of non-void function [-Wreturn-type]
 };
 ^
'Finished building: ../src/echo.c'
' '
'Building target: tup_sever.elf'
'Invoking: MicroBlaze gcc linker'
mb-gcc -Wl,-T -Wl,../src/lscript.ld -L../../tup_sever_bsp/microblaze_0/lib -mlittle-endian -mcpu=v10.0 -mxl-soft-mul -Wl,--no-relax -Wl,--gc-sections -o "tup_sever.elf"  ./src/echo.o ./src/i2c_access.o ./src/iic_phyreset.o ./src/main.o ./src/platform.o ./src/platform_mb.o ./src/platform_ppc.o ./src/platform_zynq.o ./src/platform_zynqmp.o ./src/sfp.o ./src/si5324.o   -Wl,--start-group,-lxil,-lgcc,-lc,--end-group -Wl,--start-group,-lxil,-llwip4,-lgcc,-lc,--end-group
'Finished building target: tup_sever.elf'
' '
'Invoking: MicroBlaze Print Size'
mb-size tup_sever.elf  |tee "tup_sever.elf.size"
   text	   data	    bss	    dec	    hex	filename
 144542	   1980	3960742	4107264	 3eac00	tup_sever.elf
'Finished building: tup_sever.elf.size'
' '
